******************************************************************************
                  TI ARM Linker PC v20.2.7                     
******************************************************************************
>> Linked Wed Apr  3 12:07:58 2024

OUTPUT FILE NAME:   <Lab9.out>
ENTRY POINT SYMBOL: "_c_int00_noargs"  address: 00002a51


MEMORY CONFIGURATION

         name            origin    length      used     unused   attr    fill
----------------------  --------  ---------  --------  --------  ----  --------
  FLASH                 00000000   00040000  00002d84  0003d27c  R  X
  SRAM                  20000000   00008000  000022e1  00005d1f  RW X


SEGMENT ALLOCATION MAP

run origin  load origin   length   init length attrs members
----------  ----------- ---------- ----------- ----- -------
00000000    00000000    00002d88   00002d88    r-x
  00000000    00000000    0000026c   0000026c    r-- .intvecs
  0000026c    0000026c    000029c0   000029c0    r-x .text
  00002c2c    00002c2c    00000110   00000110    r-- .const
  00002d40    00002d40    00000048   00000048    r-- .cinit
20000000    20000000    000022e5   00000000    rw-
  20000000    20000000    0000026c   00000000    rw- .vtable
  20000270    20000270    00001000   00000000    rw- .stack
  20001270    20001270    00001000   00000000    rw- .sysmem
  20002270    20002270    00000058   00000000    rw- .bss
  200022c8    200022c8    0000001d   00000000    rw- .data


SECTION ALLOCATION MAP

 output                                  attributes/
section   page    origin      length       input sections
--------  ----  ----------  ----------   ----------------
.intvecs   0    00000000    0000026c     
                  00000000    0000026c     tm4c123gh6pm_startup_ccs.obj (.intvecs)

.text      0    0000026c    000029c0     
                  0000026c    00000a4e     rtsv7M4_T_le_v4SPD16_eabi.lib : _printfi.c.obj (.text:__TI_printfi)
                  00000cba    00000002                                   : div0.asm.obj (.text)
                  00000cbc    00000328     lcd.obj (.text)
                  00000fe4    00000270     rtsv7M4_T_le_v4SPD16_eabi.lib : _printfi.c.obj (.text:_pconv_a)
                  00001254    00000270     ping.obj (.text)
                  000014c4    00000248     Timer.obj (.text)
                  0000170c    00000204     uart-interrupt.obj (.text)
                  00001910    000001d0     rtsv7M4_T_le_v4SPD16_eabi.lib : _printfi.c.obj (.text:_pconv_g)
                  00001ae0    000001b6                                   : fd_add_t2.asm.obj (.text)
                  00001c96    00000002     --HOLE-- [fill = 0]
                  00001c98    0000013c                                   : _printfi.c.obj (.text:_pconv_e)
                  00001dd4    00000136                                   : fd_div_t2.asm.obj (.text)
                  00001f0a    00000002     --HOLE-- [fill = 0]
                  00001f0c    00000124                                   : _printfi.c.obj (.text:fcvt)
                  00002030    00000110                                   : s_scalbn.c.obj (.text:scalbn)
                  00002140    000000fc                                   : fd_mul_t2.asm.obj (.text)
                  0000223c    000000b1                                   : _printfi.c.obj (.text:_ltostr)
                  000022ed    00000001     --HOLE-- [fill = 0]
                  000022ee    0000009c                                   : memcpy_t2.asm.obj (.text)
                  0000238a    00000096                                   : ull_div_t2.asm.obj (.text)
                  00002420    00000086                                   : fd_cmp_t2.asm.obj (.text:__aeabi_cdcmple)
                  000024a6    00000086                                   : fd_cmp_t2.asm.obj (.text:__aeabi_cdrcmple)
                  0000252c    0000007a                                   : memset_t2.asm.obj (.text)
                  000025a6    0000006e                                   : _printfi.c.obj (.text:_mcpy)
                  00002614    0000006e                                   : fd_tos_t2.asm.obj (.text)
                  00002682    00000068                                   : copy_decompress_lzss.c.obj (.text:decompress:lzss:__TI_decompress_lzss)
                  000026ea    00000002     --HOLE-- [fill = 0]
                  000026ec    00000064                                   : s_frexp.c.obj (.text:frexp)
                  00002750    00000056                                   : _printfi.c.obj (.text:_pconv_f)
                  000027a6    00000054                                   : _ltoa.c.obj (.text:__TI_ltoa)
                  000027fa    00000052                                   : _printfi.c.obj (.text:_ecpy)
                  0000284c    0000004c                                   : atoi.c.obj (.text:atoi)
                  00002898    00000048                                   : fd_toi_t2.asm.obj (.text)
                  000028e0    00000044                                   : autoinit.c.obj (.text:__TI_auto_init_nobinit_nopinit:__TI_auto_init_nobinit_nopinit)
                  00002924    00000040                                   : vsnprintf.c.obj (.text:vsnprintf)
                  00002964    0000003e                                   : _printfi.c.obj (.text:_fcpy)
                  000029a2    00000002     --HOLE-- [fill = 0]
                  000029a4    0000003e     lab9_template.obj (.text)
                  000029e2    00000038     rtsv7M4_T_le_v4SPD16_eabi.lib : fs_tod_t2.asm.obj (.text)
                  00002a1a    00000002     --HOLE-- [fill = 0]
                  00002a1c    00000034     driverlib.lib : interrupt.obj (.text:IntRegister)
                  00002a50    00000034     rtsv7M4_T_le_v4SPD16_eabi.lib : boot_cortex_m.c.obj (.text:_c_int00_noargs:_c_int00_noargs)
                  00002a84    00000030                                   : vsnprintf.c.obj (.text:_outs)
                  00002ab4    0000002e                                   : i_tofd_t2.asm.obj (.text)
                  00002ae2    00000020                                   : u_tofd_t2.asm.obj (.text)
                  00002b02    0000001c                                   : copy_zero_init.c.obj (.text:decompress:ZI:__TI_zero_init_nomemset:__TI_zero_init_nomemset)
                  00002b1e    0000001c                                   : memccpy.c.obj (.text:memccpy)
                  00002b3a    0000001a                                   : s_copysign.c.obj (.text:copysign)
                  00002b54    00000018                                   : vsnprintf.c.obj (.text:_outc)
                  00002b6c    00000018                                   : strcmp.c.obj (.text:strcmp)
                  00002b84    00000016                                   : strchr.c.obj (.text:strchr)
                  00002b9a    00000014                                   : strcpy.c.obj (.text:strcpy)
                  00002bae    00000014                                   : strlen.c.obj (.text:strlen)
                  00002bc2    00000012                                   : wcslen.c.obj (.text:wcslen)
                  00002bd4    00000010     driverlib.lib : interrupt.obj (.text:IntMasterEnable)
                  00002be4    00000010     lcd.obj (.text:lcd_clear)
                  00002bf4    0000000e     rtsv7M4_T_le_v4SPD16_eabi.lib : copy_decompress_none.c.obj (.text:decompress:none:__TI_decompress_none)
                  00002c02    0000000c     driverlib.lib : cpu.obj (.text:CPUcpsie)
                  00002c0e    0000000c     tm4c123gh6pm_startup_ccs.obj (.text)
                  00002c1a    00000002     --HOLE-- [fill = 0]
                  00002c1c    00000008     rtsv7M4_T_le_v4SPD16_eabi.lib : errno.c.obj (.text:__aeabi_errno_addr)
                  00002c24    00000004                                   : pre_init.c.obj (.text:_system_pre_init)
                  00002c28    00000004                                   : exit.c.obj (.text:abort:abort)

.const     0    00002c2c    00000110     
                  00002c2c    00000101     rtsv7M4_T_le_v4SPD16_eabi.lib : ctype.c.obj (.const:.string:_ctypes_)
                  00002d2d    00000007     uart-interrupt.obj (.const:.string:$P$T0$1)
                  00002d34    00000004     lcd.obj (.const:.string:lineAddress$1)
                  00002d38    00000004     lcd.obj (.const:.string:lineAddresses$2)

.cinit     0    00002d40    00000048     
                  00002d40    00000012     (.cinit..data.load) [load image, compression = lzss]
                  00002d52    00000002     --HOLE-- [fill = 0]
                  00002d54    0000000c     (__TI_handler_table)
                  00002d60    00000008     (.cinit..bss.load) [load image, compression = zero_init]
                  00002d68    00000008     (.cinit..vtable.load) [load image, compression = zero_init]
                  00002d70    00000018     (__TI_cinit_table)

.init_array 
*          0    00000000    00000000     UNINITIALIZED

.vtable    0    20000000    0000026c     UNINITIALIZED
                  20000000    0000026c     driverlib.lib : interrupt.obj (.vtable)

.stack     0    20000270    00001000     UNINITIALIZED
                  20000270    00000004     rtsv7M4_T_le_v4SPD16_eabi.lib : boot_cortex_m.c.obj (.stack)
                  20000274    00000ffc     --HOLE--

.sysmem    0    20001270    00001000     UNINITIALIZED
                  20001270    00000010     rtsv7M4_T_le_v4SPD16_eabi.lib : memory.c.obj (.sysmem)
                  20001280    00000ff0     --HOLE--

.bss       0    20002270    00000058     UNINITIALIZED
                  20002270    00000054     lcd.obj (.bss:lastbuffer$3)
                  200022c4    00000004     (.common:_timeout_ticks)

.data      0    200022c8    0000001d     UNINITIALIZED
                  200022c8    00000010     ping.obj (.data)
                  200022d8    00000008     uart-interrupt.obj (.data)
                  200022e0    00000004     rtsv7M4_T_le_v4SPD16_eabi.lib : errno.c.obj (.data)
                  200022e4    00000001     Timer.obj (.data)

__llvm_prf_cnts 
*          0    20000000    00000000     UNINITIALIZED

MODULE SUMMARY

       Module                         code    ro data   rw data
       ------                         ----    -------   -------
    .\
       lcd.obj                        824     8         84     
       ping.obj                       624     0         16     
       tm4c123gh6pm_startup_ccs.obj   12      620       0      
       Timer.obj                      584     0         5      
       uart-interrupt.obj             516     7         8      
       lab9_template.obj              62      0         0      
    +--+------------------------------+-------+---------+---------+
       Total:                         2622    635       113    
                                                               
    C:/ti/TivaWare_C_Series-2.2.0.295/driverlib/ccs/Debug/driverlib.lib
       interrupt.obj                  68      0         620    
       cpu.obj                        12      0         0      
    +--+------------------------------+-------+---------+---------+
       Total:                         80      0         620    
                                                               
    C:\ti\ccs1230\ccs\tools\compiler\ti-cgt-arm_20.2.7.LTS\lib\rtsv7M4_T_le_v4SPD16_eabi.lib
       _printfi.c.obj                 4851    0         0      
       fd_add_t2.asm.obj              438     0         0      
       fd_div_t2.asm.obj              310     0         0      
       s_scalbn.c.obj                 272     0         0      
       fd_cmp_t2.asm.obj              268     0         0      
       ctype.c.obj                    0       257       0      
       fd_mul_t2.asm.obj              252     0         0      
       memcpy_t2.asm.obj              156     0         0      
       ull_div_t2.asm.obj             150     0         0      
       vsnprintf.c.obj                136     0         0      
       memset_t2.asm.obj              122     0         0      
       fd_tos_t2.asm.obj              110     0         0      
       copy_decompress_lzss.c.obj     104     0         0      
       s_frexp.c.obj                  100     0         0      
       _ltoa.c.obj                    84      0         0      
       atoi.c.obj                     76      0         0      
       fd_toi_t2.asm.obj              72      0         0      
       autoinit.c.obj                 68      0         0      
       fs_tod_t2.asm.obj              56      0         0      
       boot_cortex_m.c.obj            52      0         0      
       i_tofd_t2.asm.obj              46      0         0      
       u_tofd_t2.asm.obj              32      0         0      
       copy_zero_init.c.obj           28      0         0      
       memccpy.c.obj                  28      0         0      
       s_copysign.c.obj               26      0         0      
       strcmp.c.obj                   24      0         0      
       strchr.c.obj                   22      0         0      
       strcpy.c.obj                   20      0         0      
       strlen.c.obj                   20      0         0      
       wcslen.c.obj                   18      0         0      
       copy_decompress_none.c.obj     14      0         0      
       errno.c.obj                    8       0         4      
       exit.c.obj                     4       0         0      
       pre_init.c.obj                 4       0         0      
       div0.asm.obj                   2       0         0      
    +--+------------------------------+-------+---------+---------+
       Total:                         7973    257       4      
                                                               
       Heap:                          0       0         4096   
       Stack:                         0       0         4096   
       Linker Generated:              0       70        0      
    +--+------------------------------+-------+---------+---------+
       Grand Total:                   10675   962       8929   


LINKER GENERATED COPY TABLES

__TI_cinit_table @ 00002d70 records: 3, size/record: 8, table size: 24
	.data: load addr=00002d40, load size=00000012 bytes, run addr=200022c8, run size=0000001d bytes, compression=lzss
	.bss: load addr=00002d60, load size=00000008 bytes, run addr=20002270, run size=00000058 bytes, compression=zero_init
	.vtable: load addr=00002d68, load size=00000008 bytes, run addr=20000000, run size=0000026c bytes, compression=zero_init


LINKER GENERATED HANDLER TABLE

__TI_handler_table @ 00002d54 records: 3, size/record: 4, table size: 12
	index: 0, handler: __TI_zero_init
	index: 1, handler: __TI_decompress_lzss
	index: 2, handler: __TI_decompress_none


GLOBAL SYMBOLS: SORTED ALPHABETICALLY BY Name 

address   name                          
-------   ----                          
00002c29  C$$EXIT                       
00002c03  CPUcpsie                      
200022cc  END_TIME                      
00002bd5  IntMasterEnable               
00002a1d  IntRegister                   
00002c0f  ResetISR                      
200022c8  START_TIME                    
200022d0  STATE                         
000013ab  TIMER3B_Handler               
00001843  UART1_Handler                 
20001270  __STACK_END                   
00001000  __STACK_SIZE                  
20000470  __STACK_TOP                   
00001000  __SYSMEM_SIZE                 
00002d70  __TI_CINIT_Base               
00002d88  __TI_CINIT_Limit              
00002d54  __TI_Handler_Table_Base       
00002d60  __TI_Handler_Table_Limit      
000028e1  __TI_auto_init_nobinit_nopinit
00002683  __TI_decompress_lzss          
00002bf5  __TI_decompress_none          
000027a7  __TI_ltoa                     
ffffffff  __TI_pprof_out_hndl           
0000026d  __TI_printfi                  
ffffffff  __TI_prof_data_size           
ffffffff  __TI_prof_data_start          
00000000  __TI_static_base__            
00002b03  __TI_zero_init_nomemset       
00002421  __aeabi_cdcmpeq               
00002421  __aeabi_cdcmple               
000024a7  __aeabi_cdrcmple              
00002615  __aeabi_d2f                   
00002899  __aeabi_d2iz                  
00001aeb  __aeabi_dadd                  
00001dd5  __aeabi_ddiv                  
00002141  __aeabi_dmul                  
00001ae1  __aeabi_dsub                  
00002c1d  __aeabi_errno_addr            
000029e3  __aeabi_f2d                   
00002ab5  __aeabi_i2d                   
00000cbb  __aeabi_idiv0                 
00000cbb  __aeabi_ldiv0                 
0000252d  __aeabi_memclr                
0000252d  __aeabi_memclr4               
0000252d  __aeabi_memclr8               
000022ef  __aeabi_memcpy                
000022ef  __aeabi_memcpy4               
000022ef  __aeabi_memcpy8               
0000252f  __aeabi_memset                
0000252f  __aeabi_memset4               
0000252f  __aeabi_memset8               
00002ae3  __aeabi_ui2d                  
0000238b  __aeabi_uldivmod              
ffffffff  __binit__                     
ffffffff  __c_args__                    
UNDEFED   __mpu_init                    
20000270  __stack                       
20000000  __start___llvm_prf_cnts       
20000000  __stop___llvm_prf_cnts        
00002a51  _c_int00_noargs               
00002c2c  _ctypes_                      
200022e4  _running                      
20001270  _sys_memory                   
UNDEFED   _system_post_cinit            
00002c25  _system_pre_init              
200022c4  _timeout_ticks                
00002c29  abort                         
0000284d  atoi                          
ffffffff  binit                         
200022d8  command_byte                  
200022dc  command_flag                  
00002b3b  copysign                      
00002b3b  copysignl                     
200022e0  errno                         
000026ed  frexp                         
000026ed  frexpl                        
20000000  g_pfnRAMVectors               
00000000  g_pfnVectors                  
00002be5  lcd_clear                     
00000e91  lcd_gotoLine                  
00000cf9  lcd_init                      
00000ef7  lcd_printf                    
00000db9  lcd_putc                      
00000df1  lcd_puts                      
00000cbd  lcd_reverseNibble             
00000e0f  lcd_sendCommand               
00000e4d  lcd_sendNibble                
00000eb9  lcd_setCursorPos              
00002031  ldexp                         
00002031  ldexpl                        
000029a5  main                          
00002b1f  memccpy                       
000022ef  memcpy                        
00002535  memset                        
200022d4  overflow                      
000013eb  ping_getDistance              
00001255  ping_init                     
0000131d  ping_trigger                  
00002031  scalbn                        
00002031  scalbnl                       
00002b85  strchr                        
00002b6d  strcmp                        
00002b9b  strcpy                        
00002baf  strlen                        
000015e3  timer_getMicros               
0000158b  timer_getMillis               
000014c5  timer_init                    
00001567  timer_pause                   
00001579  timer_resume                  
0000153d  timer_stop                    
0000163d  timer_waitMicros              
0000166f  timer_waitMillis              
0000170d  uart_interrupt_init           
000017f3  uart_receive                  
000017d7  uart_sendChar                 
0000180b  uart_sendStr                  
00002925  vsnprintf                     
00002bc3  wcslen                        


GLOBAL SYMBOLS: SORTED BY Symbol Address 

address   name                          
-------   ----                          
00000000  __TI_static_base__            
00000000  g_pfnVectors                  
0000026d  __TI_printfi                  
00000cbb  __aeabi_idiv0                 
00000cbb  __aeabi_ldiv0                 
00000cbd  lcd_reverseNibble             
00000cf9  lcd_init                      
00000db9  lcd_putc                      
00000df1  lcd_puts                      
00000e0f  lcd_sendCommand               
00000e4d  lcd_sendNibble                
00000e91  lcd_gotoLine                  
00000eb9  lcd_setCursorPos              
00000ef7  lcd_printf                    
00001000  __STACK_SIZE                  
00001000  __SYSMEM_SIZE                 
00001255  ping_init                     
0000131d  ping_trigger                  
000013ab  TIMER3B_Handler               
000013eb  ping_getDistance              
000014c5  timer_init                    
0000153d  timer_stop                    
00001567  timer_pause                   
00001579  timer_resume                  
0000158b  timer_getMillis               
000015e3  timer_getMicros               
0000163d  timer_waitMicros              
0000166f  timer_waitMillis              
0000170d  uart_interrupt_init           
000017d7  uart_sendChar                 
000017f3  uart_receive                  
0000180b  uart_sendStr                  
00001843  UART1_Handler                 
00001ae1  __aeabi_dsub                  
00001aeb  __aeabi_dadd                  
00001dd5  __aeabi_ddiv                  
00002031  ldexp                         
00002031  ldexpl                        
00002031  scalbn                        
00002031  scalbnl                       
00002141  __aeabi_dmul                  
000022ef  __aeabi_memcpy                
000022ef  __aeabi_memcpy4               
000022ef  __aeabi_memcpy8               
000022ef  memcpy                        
0000238b  __aeabi_uldivmod              
00002421  __aeabi_cdcmpeq               
00002421  __aeabi_cdcmple               
000024a7  __aeabi_cdrcmple              
0000252d  __aeabi_memclr                
0000252d  __aeabi_memclr4               
0000252d  __aeabi_memclr8               
0000252f  __aeabi_memset                
0000252f  __aeabi_memset4               
0000252f  __aeabi_memset8               
00002535  memset                        
00002615  __aeabi_d2f                   
00002683  __TI_decompress_lzss          
000026ed  frexp                         
000026ed  frexpl                        
000027a7  __TI_ltoa                     
0000284d  atoi                          
00002899  __aeabi_d2iz                  
000028e1  __TI_auto_init_nobinit_nopinit
00002925  vsnprintf                     
000029a5  main                          
000029e3  __aeabi_f2d                   
00002a1d  IntRegister                   
00002a51  _c_int00_noargs               
00002ab5  __aeabi_i2d                   
00002ae3  __aeabi_ui2d                  
00002b03  __TI_zero_init_nomemset       
00002b1f  memccpy                       
00002b3b  copysign                      
00002b3b  copysignl                     
00002b6d  strcmp                        
00002b85  strchr                        
00002b9b  strcpy                        
00002baf  strlen                        
00002bc3  wcslen                        
00002bd5  IntMasterEnable               
00002be5  lcd_clear                     
00002bf5  __TI_decompress_none          
00002c03  CPUcpsie                      
00002c0f  ResetISR                      
00002c1d  __aeabi_errno_addr            
00002c25  _system_pre_init              
00002c29  C$$EXIT                       
00002c29  abort                         
00002c2c  _ctypes_                      
00002d54  __TI_Handler_Table_Base       
00002d60  __TI_Handler_Table_Limit      
00002d70  __TI_CINIT_Base               
00002d88  __TI_CINIT_Limit              
20000000  __start___llvm_prf_cnts       
20000000  __stop___llvm_prf_cnts        
20000000  g_pfnRAMVectors               
20000270  __stack                       
20000470  __STACK_TOP                   
20001270  __STACK_END                   
20001270  _sys_memory                   
200022c4  _timeout_ticks                
200022c8  START_TIME                    
200022cc  END_TIME                      
200022d0  STATE                         
200022d4  overflow                      
200022d8  command_byte                  
200022dc  command_flag                  
200022e0  errno                         
200022e4  _running                      
ffffffff  __TI_pprof_out_hndl           
ffffffff  __TI_prof_data_size           
ffffffff  __TI_prof_data_start          
ffffffff  __binit__                     
ffffffff  __c_args__                    
ffffffff  binit                         
UNDEFED   __mpu_init                    
UNDEFED   _system_post_cinit            

[118 symbols]
