<?xml version="1.0" encoding="ISO-8859-1" ?>
<link_info>
   <banner>TI ARM Linker PC v20.2.7.LTS</banner>
   <copyright>Copyright (c) 1996-2018 Texas Instruments Incorporated</copyright>
   <link_time>0x66293d31</link_time>
   <link_errors>0x1</link_errors>
   <output_file>Lab4.out</output_file>
   <entry_point>
      <name>_c_int00_noargs</name>
      <address>0x45f1</address>
   </entry_point>
   <input_file_list>
      <input_file id="fl-2">
         <path>.\</path>
         <kind>object</kind>
         <file>Timer.obj</file>
         <name>Timer.obj</name>
      </input_file>
      <input_file id="fl-3">
         <path>.\</path>
         <kind>object</kind>
         <file>button.obj</file>
         <name>button.obj</name>
      </input_file>
      <input_file id="fl-4">
         <path>.\</path>
         <kind>object</kind>
         <file>lab3.obj</file>
         <name>lab3.obj</name>
      </input_file>
      <input_file id="fl-5">
         <path>.\</path>
         <kind>object</kind>
         <file>lab4_template.obj</file>
         <name>lab4_template.obj</name>
      </input_file>
      <input_file id="fl-6">
         <path>.\</path>
         <kind>object</kind>
         <file>lcd.obj</file>
         <name>lcd.obj</name>
      </input_file>
      <input_file id="fl-7">
         <path>.\</path>
         <kind>object</kind>
         <file>movement.obj</file>
         <name>movement.obj</name>
      </input_file>
      <input_file id="fl-8">
         <path>.\</path>
         <kind>object</kind>
         <file>open_interface.obj</file>
         <name>open_interface.obj</name>
      </input_file>
      <input_file id="fl-9">
         <path>.\</path>
         <kind>object</kind>
         <file>tm4c123gh6pm_startup_ccs.obj</file>
         <name>tm4c123gh6pm_startup_ccs.obj</name>
      </input_file>
      <input_file id="fl-10">
         <kind>object</kind>
         <file>&lt;internal&gt;</file>
         <name>&lt;internal&gt;</name>
      </input_file>
      <input_file id="fl-11">
         <path>..\</path>
         <kind>archive</kind>
         <file>libcybotScan.lib</file>
         <name>cyBot_Scan.obj</name>
      </input_file>
      <input_file id="fl-12">
         <path>..\</path>
         <kind>archive</kind>
         <file>libcybotScan.lib</file>
         <name>ir.obj</name>
      </input_file>
      <input_file id="fl-13">
         <path>..\</path>
         <kind>archive</kind>
         <file>libcybotScan.lib</file>
         <name>ping.obj</name>
      </input_file>
      <input_file id="fl-14">
         <path>..\</path>
         <kind>archive</kind>
         <file>libcybotScan.lib</file>
         <name>servo.obj</name>
      </input_file>
      <input_file id="fl-15">
         <path>..\</path>
         <kind>archive</kind>
         <file>libcybotUART.lib</file>
         <name>uart.obj</name>
      </input_file>
      <input_file id="fl-cb">
         <path>C:\ti\ccs1230\ccs\tools\compiler\ti-cgt-arm_20.2.7.LTS\lib\</path>
         <kind>archive</kind>
         <file>rtsv7M4_T_le_v4SPD16_eabi.lib</file>
         <name>sprintf.c.obj</name>
      </input_file>
      <input_file id="fl-cc">
         <path>C:\ti\ccs1230\ccs\tools\compiler\ti-cgt-arm_20.2.7.LTS\lib\</path>
         <kind>archive</kind>
         <file>rtsv7M4_T_le_v4SPD16_eabi.lib</file>
         <name>vsnprintf.c.obj</name>
      </input_file>
      <input_file id="fl-cd">
         <path>C:\ti\ccs1230\ccs\tools\compiler\ti-cgt-arm_20.2.7.LTS\lib\</path>
         <kind>archive</kind>
         <file>rtsv7M4_T_le_v4SPD16_eabi.lib</file>
         <name>fd_add_t2.asm.obj</name>
      </input_file>
      <input_file id="fl-ce">
         <path>C:\ti\ccs1230\ccs\tools\compiler\ti-cgt-arm_20.2.7.LTS\lib\</path>
         <kind>archive</kind>
         <file>rtsv7M4_T_le_v4SPD16_eabi.lib</file>
         <name>fd_cmp_t2.asm.obj</name>
      </input_file>
      <input_file id="fl-cf">
         <path>C:\ti\ccs1230\ccs\tools\compiler\ti-cgt-arm_20.2.7.LTS\lib\</path>
         <kind>archive</kind>
         <file>rtsv7M4_T_le_v4SPD16_eabi.lib</file>
         <name>fd_div_t2.asm.obj</name>
      </input_file>
      <input_file id="fl-d0">
         <path>C:\ti\ccs1230\ccs\tools\compiler\ti-cgt-arm_20.2.7.LTS\lib\</path>
         <kind>archive</kind>
         <file>rtsv7M4_T_le_v4SPD16_eabi.lib</file>
         <name>fd_mul_t2.asm.obj</name>
      </input_file>
      <input_file id="fl-d1">
         <path>C:\ti\ccs1230\ccs\tools\compiler\ti-cgt-arm_20.2.7.LTS\lib\</path>
         <kind>archive</kind>
         <file>rtsv7M4_T_le_v4SPD16_eabi.lib</file>
         <name>fd_tos_t2.asm.obj</name>
      </input_file>
      <input_file id="fl-d2">
         <path>C:\ti\ccs1230\ccs\tools\compiler\ti-cgt-arm_20.2.7.LTS\lib\</path>
         <kind>archive</kind>
         <file>rtsv7M4_T_le_v4SPD16_eabi.lib</file>
         <name>fs_tod_t2.asm.obj</name>
      </input_file>
      <input_file id="fl-d3">
         <path>C:\ti\ccs1230\ccs\tools\compiler\ti-cgt-arm_20.2.7.LTS\lib\</path>
         <kind>archive</kind>
         <file>rtsv7M4_T_le_v4SPD16_eabi.lib</file>
         <name>i_tofd_t2.asm.obj</name>
      </input_file>
      <input_file id="fl-d4">
         <path>C:\ti\ccs1230\ccs\tools\compiler\ti-cgt-arm_20.2.7.LTS\lib\</path>
         <kind>archive</kind>
         <file>rtsv7M4_T_le_v4SPD16_eabi.lib</file>
         <name>memcpy_t2.asm.obj</name>
      </input_file>
      <input_file id="fl-d5">
         <path>C:\ti\ccs1230\ccs\tools\compiler\ti-cgt-arm_20.2.7.LTS\lib\</path>
         <kind>archive</kind>
         <file>rtsv7M4_T_le_v4SPD16_eabi.lib</file>
         <name>copy_zero_init.c.obj</name>
      </input_file>
      <input_file id="fl-d6">
         <path>C:\ti\ccs1230\ccs\tools\compiler\ti-cgt-arm_20.2.7.LTS\lib\</path>
         <kind>archive</kind>
         <file>rtsv7M4_T_le_v4SPD16_eabi.lib</file>
         <name>copy_decompress_none.c.obj</name>
      </input_file>
      <input_file id="fl-d7">
         <path>C:\ti\ccs1230\ccs\tools\compiler\ti-cgt-arm_20.2.7.LTS\lib\</path>
         <kind>archive</kind>
         <file>rtsv7M4_T_le_v4SPD16_eabi.lib</file>
         <name>copy_decompress_lzss.c.obj</name>
      </input_file>
      <input_file id="fl-d8">
         <path>C:\ti\ccs1230\ccs\tools\compiler\ti-cgt-arm_20.2.7.LTS\lib\</path>
         <kind>archive</kind>
         <file>rtsv7M4_T_le_v4SPD16_eabi.lib</file>
         <name>memory.c.obj</name>
      </input_file>
      <input_file id="fl-d9">
         <path>C:\ti\ccs1230\ccs\tools\compiler\ti-cgt-arm_20.2.7.LTS\lib\</path>
         <kind>archive</kind>
         <file>rtsv7M4_T_le_v4SPD16_eabi.lib</file>
         <name>strcmp.c.obj</name>
      </input_file>
      <input_file id="fl-da">
         <path>C:\ti\ccs1230\ccs\tools\compiler\ti-cgt-arm_20.2.7.LTS\lib\</path>
         <kind>archive</kind>
         <file>rtsv7M4_T_le_v4SPD16_eabi.lib</file>
         <name>strcpy.c.obj</name>
      </input_file>
      <input_file id="fl-db">
         <path>C:\ti\ccs1230\ccs\tools\compiler\ti-cgt-arm_20.2.7.LTS\lib\</path>
         <kind>archive</kind>
         <file>rtsv7M4_T_le_v4SPD16_eabi.lib</file>
         <name>strlen.c.obj</name>
      </input_file>
      <input_file id="fl-dc">
         <path>C:\ti\ccs1230\ccs\tools\compiler\ti-cgt-arm_20.2.7.LTS\lib\</path>
         <kind>archive</kind>
         <file>rtsv7M4_T_le_v4SPD16_eabi.lib</file>
         <name>boot_cortex_m.c.obj</name>
      </input_file>
      <input_file id="fl-dd">
         <path>C:\ti\ccs1230\ccs\tools\compiler\ti-cgt-arm_20.2.7.LTS\lib\</path>
         <kind>archive</kind>
         <file>rtsv7M4_T_le_v4SPD16_eabi.lib</file>
         <name>_printfi.c.obj</name>
      </input_file>
      <input_file id="fl-de">
         <path>C:\ti\ccs1230\ccs\tools\compiler\ti-cgt-arm_20.2.7.LTS\lib\</path>
         <kind>archive</kind>
         <file>rtsv7M4_T_le_v4SPD16_eabi.lib</file>
         <name>fd_toi_t2.asm.obj</name>
      </input_file>
      <input_file id="fl-df">
         <path>C:\ti\ccs1230\ccs\tools\compiler\ti-cgt-arm_20.2.7.LTS\lib\</path>
         <kind>archive</kind>
         <file>rtsv7M4_T_le_v4SPD16_eabi.lib</file>
         <name>memset_t2.asm.obj</name>
      </input_file>
      <input_file id="fl-e0">
         <path>C:\ti\ccs1230\ccs\tools\compiler\ti-cgt-arm_20.2.7.LTS\lib\</path>
         <kind>archive</kind>
         <file>rtsv7M4_T_le_v4SPD16_eabi.lib</file>
         <name>ull_div_t2.asm.obj</name>
      </input_file>
      <input_file id="fl-e1">
         <path>C:\ti\ccs1230\ccs\tools\compiler\ti-cgt-arm_20.2.7.LTS\lib\</path>
         <kind>archive</kind>
         <file>rtsv7M4_T_le_v4SPD16_eabi.lib</file>
         <name>autoinit.c.obj</name>
      </input_file>
      <input_file id="fl-e2">
         <path>C:\ti\ccs1230\ccs\tools\compiler\ti-cgt-arm_20.2.7.LTS\lib\</path>
         <kind>archive</kind>
         <file>rtsv7M4_T_le_v4SPD16_eabi.lib</file>
         <name>pre_init.c.obj</name>
      </input_file>
      <input_file id="fl-e3">
         <path>C:\ti\ccs1230\ccs\tools\compiler\ti-cgt-arm_20.2.7.LTS\lib\</path>
         <kind>archive</kind>
         <file>rtsv7M4_T_le_v4SPD16_eabi.lib</file>
         <name>cpy_tbl.c.obj</name>
      </input_file>
      <input_file id="fl-e4">
         <path>C:\ti\ccs1230\ccs\tools\compiler\ti-cgt-arm_20.2.7.LTS\lib\</path>
         <kind>archive</kind>
         <file>rtsv7M4_T_le_v4SPD16_eabi.lib</file>
         <name>exit.c.obj</name>
      </input_file>
      <input_file id="fl-e5">
         <path>C:\ti\ccs1230\ccs\tools\compiler\ti-cgt-arm_20.2.7.LTS\lib\</path>
         <kind>archive</kind>
         <file>rtsv7M4_T_le_v4SPD16_eabi.lib</file>
         <name>_lock.c.obj</name>
      </input_file>
      <input_file id="fl-e6">
         <path>C:\ti\ccs1230\ccs\tools\compiler\ti-cgt-arm_20.2.7.LTS\lib\</path>
         <kind>archive</kind>
         <file>rtsv7M4_T_le_v4SPD16_eabi.lib</file>
         <name>_ltoa.c.obj</name>
      </input_file>
      <input_file id="fl-e7">
         <path>C:\ti\ccs1230\ccs\tools\compiler\ti-cgt-arm_20.2.7.LTS\lib\</path>
         <kind>archive</kind>
         <file>rtsv7M4_T_le_v4SPD16_eabi.lib</file>
         <name>args_main.c.obj</name>
      </input_file>
      <input_file id="fl-e8">
         <path>C:\ti\ccs1230\ccs\tools\compiler\ti-cgt-arm_20.2.7.LTS\lib\</path>
         <kind>archive</kind>
         <file>rtsv7M4_T_le_v4SPD16_eabi.lib</file>
         <name>atoi.c.obj</name>
      </input_file>
      <input_file id="fl-e9">
         <path>C:\ti\ccs1230\ccs\tools\compiler\ti-cgt-arm_20.2.7.LTS\lib\</path>
         <kind>archive</kind>
         <file>rtsv7M4_T_le_v4SPD16_eabi.lib</file>
         <name>ctype.c.obj</name>
      </input_file>
      <input_file id="fl-ea">
         <path>C:\ti\ccs1230\ccs\tools\compiler\ti-cgt-arm_20.2.7.LTS\lib\</path>
         <kind>archive</kind>
         <file>rtsv7M4_T_le_v4SPD16_eabi.lib</file>
         <name>memccpy.c.obj</name>
      </input_file>
      <input_file id="fl-eb">
         <path>C:\ti\ccs1230\ccs\tools\compiler\ti-cgt-arm_20.2.7.LTS\lib\</path>
         <kind>archive</kind>
         <file>rtsv7M4_T_le_v4SPD16_eabi.lib</file>
         <name>strchr.c.obj</name>
      </input_file>
      <input_file id="fl-ec">
         <path>C:\ti\ccs1230\ccs\tools\compiler\ti-cgt-arm_20.2.7.LTS\lib\</path>
         <kind>archive</kind>
         <file>rtsv7M4_T_le_v4SPD16_eabi.lib</file>
         <name>errno.c.obj</name>
      </input_file>
      <input_file id="fl-ed">
         <path>C:\ti\ccs1230\ccs\tools\compiler\ti-cgt-arm_20.2.7.LTS\lib\</path>
         <kind>archive</kind>
         <file>rtsv7M4_T_le_v4SPD16_eabi.lib</file>
         <name>wcslen.c.obj</name>
      </input_file>
      <input_file id="fl-ee">
         <path>C:\ti\ccs1230\ccs\tools\compiler\ti-cgt-arm_20.2.7.LTS\lib\</path>
         <kind>archive</kind>
         <file>rtsv7M4_T_le_v4SPD16_eabi.lib</file>
         <name>s_frexp.c.obj</name>
      </input_file>
      <input_file id="fl-ef">
         <path>C:\ti\ccs1230\ccs\tools\compiler\ti-cgt-arm_20.2.7.LTS\lib\</path>
         <kind>archive</kind>
         <file>rtsv7M4_T_le_v4SPD16_eabi.lib</file>
         <name>s_scalbn.c.obj</name>
      </input_file>
      <input_file id="fl-f0">
         <path>C:\ti\ccs1230\ccs\tools\compiler\ti-cgt-arm_20.2.7.LTS\lib\</path>
         <kind>archive</kind>
         <file>rtsv7M4_T_le_v4SPD16_eabi.lib</file>
         <name>div0.asm.obj</name>
      </input_file>
      <input_file id="fl-f1">
         <path>C:\ti\ccs1230\ccs\tools\compiler\ti-cgt-arm_20.2.7.LTS\lib\</path>
         <kind>archive</kind>
         <file>rtsv7M4_T_le_v4SPD16_eabi.lib</file>
         <name>s_copysign.c.obj</name>
      </input_file>
      <input_file id="fl-f2">
         <path>C:\ti\TivaWare_C_Series-2.2.0.295\driverlib\ccs\Debug\</path>
         <kind>archive</kind>
         <file>driverlib.lib</file>
         <name>interrupt.obj</name>
      </input_file>
      <input_file id="fl-f3">
         <path>C:\ti\TivaWare_C_Series-2.2.0.295\driverlib\ccs\Debug\</path>
         <kind>archive</kind>
         <file>driverlib.lib</file>
         <name>cpu.obj</name>
      </input_file>
   </input_file_list>
   <object_component_list>
      <object_component id="oc-12">
         <name>.intvecs</name>
         <load_address>0x0</load_address>
         <run_address>0x0</run_address>
         <size>0x26c</size>
         <input_file_ref idref="fl-9"/>
      </object_component>
      <object_component id="oc-283">
         <name>.text</name>
         <load_address>0x26c</load_address>
         <run_address>0x26c</run_address>
         <size>0xc20</size>
         <input_file_ref idref="fl-8"/>
      </object_component>
      <object_component id="oc-17a">
         <name>.text:__TI_printfi</name>
         <load_address>0xe8c</load_address>
         <run_address>0xe8c</run_address>
         <size>0xa4e</size>
         <input_file_ref idref="fl-dd"/>
      </object_component>
      <object_component id="oc-2a6">
         <name>.text:_nop</name>
         <load_address>0x18da</load_address>
         <run_address>0x18da</run_address>
         <size>0x2</size>
         <input_file_ref idref="fl-e5"/>
      </object_component>
      <object_component id="oc-f5">
         <name>.text</name>
         <load_address>0x18dc</load_address>
         <run_address>0x18dc</run_address>
         <size>0x4cc</size>
         <input_file_ref idref="fl-4"/>
      </object_component>
      <object_component id="oc-1a8">
         <name>.text</name>
         <load_address>0x1da8</load_address>
         <run_address>0x1da8</run_address>
         <size>0x364</size>
         <input_file_ref idref="fl-7"/>
      </object_component>
      <object_component id="oc-e3">
         <name>.text</name>
         <load_address>0x210c</load_address>
         <run_address>0x210c</run_address>
         <size>0x328</size>
         <input_file_ref idref="fl-6"/>
      </object_component>
      <object_component id="oc-23a">
         <name>.text:_pconv_a</name>
         <load_address>0x2434</load_address>
         <run_address>0x2434</run_address>
         <size>0x270</size>
         <input_file_ref idref="fl-dd"/>
      </object_component>
      <object_component id="oc-18e">
         <name>.text</name>
         <load_address>0x26a4</load_address>
         <run_address>0x26a4</run_address>
         <size>0x260</size>
         <input_file_ref idref="fl-11"/>
      </object_component>
      <object_component id="oc-d7">
         <name>.text</name>
         <load_address>0x2904</load_address>
         <run_address>0x2904</run_address>
         <size>0x248</size>
         <input_file_ref idref="fl-2"/>
      </object_component>
      <object_component id="oc-268">
         <name>.text</name>
         <load_address>0x2b4c</load_address>
         <run_address>0x2b4c</run_address>
         <size>0x1ec</size>
         <input_file_ref idref="fl-13"/>
      </object_component>
      <object_component id="oc-228">
         <name>.text:_pconv_g</name>
         <load_address>0x2d38</load_address>
         <run_address>0x2d38</run_address>
         <size>0x1d0</size>
         <input_file_ref idref="fl-dd"/>
      </object_component>
      <object_component id="oc-19e">
         <name>.text</name>
         <load_address>0x2f08</load_address>
         <run_address>0x2f08</run_address>
         <size>0x1b6</size>
         <input_file_ref idref="fl-cd"/>
      </object_component>
      <object_component id="oc-399">
         <name>.text</name>
         <load_address>0x30be</load_address>
         <run_address>0x30be</run_address>
         <size>0x2</size>
         <input_file_ref idref="fl-f0"/>
      </object_component>
      <object_component id="oc-dd">
         <name>.text</name>
         <load_address>0x30c0</load_address>
         <run_address>0x30c0</run_address>
         <size>0x15c</size>
         <input_file_ref idref="fl-15"/>
      </object_component>
      <object_component id="oc-262">
         <name>.text</name>
         <load_address>0x321c</load_address>
         <run_address>0x321c</run_address>
         <size>0x158</size>
         <input_file_ref idref="fl-14"/>
      </object_component>
      <object_component id="oc-234">
         <name>.text:_pconv_e</name>
         <load_address>0x3374</load_address>
         <run_address>0x3374</run_address>
         <size>0x13c</size>
         <input_file_ref idref="fl-dd"/>
      </object_component>
      <object_component id="oc-2f1">
         <name>.text</name>
         <load_address>0x34b0</load_address>
         <run_address>0x34b0</run_address>
         <size>0x136</size>
         <input_file_ref idref="fl-cf"/>
      </object_component>
      <object_component id="oc-30e">
         <name>.text:fcvt</name>
         <load_address>0x35e8</load_address>
         <run_address>0x35e8</run_address>
         <size>0x124</size>
         <input_file_ref idref="fl-dd"/>
      </object_component>
      <object_component id="oc-26e">
         <name>.text</name>
         <load_address>0x370c</load_address>
         <run_address>0x370c</run_address>
         <size>0x118</size>
         <input_file_ref idref="fl-12"/>
      </object_component>
      <object_component id="oc-322">
         <name>.text:scalbn</name>
         <load_address>0x3824</load_address>
         <run_address>0x3824</run_address>
         <size>0x110</size>
         <input_file_ref idref="fl-ef"/>
      </object_component>
      <object_component id="oc-402">
         <name>.text:aligned_alloc</name>
         <load_address>0x3934</load_address>
         <run_address>0x3934</run_address>
         <size>0x100</size>
         <input_file_ref idref="fl-d8"/>
      </object_component>
      <object_component id="oc-199">
         <name>.text</name>
         <load_address>0x3a34</load_address>
         <run_address>0x3a34</run_address>
         <size>0xfc</size>
         <input_file_ref idref="fl-d0"/>
      </object_component>
      <object_component id="oc-367">
         <name>.text:free</name>
         <load_address>0x3b30</load_address>
         <run_address>0x3b30</run_address>
         <size>0xe4</size>
         <input_file_ref idref="fl-d8"/>
      </object_component>
      <object_component id="oc-21d">
         <name>.text:_ltostr</name>
         <load_address>0x3c14</load_address>
         <run_address>0x3c14</run_address>
         <size>0xb1</size>
         <input_file_ref idref="fl-dd"/>
      </object_component>
      <object_component id="oc-a2">
         <name>.text</name>
         <load_address>0x3cc8</load_address>
         <run_address>0x3cc8</run_address>
         <size>0x9e</size>
         <input_file_ref idref="fl-5"/>
      </object_component>
      <object_component id="oc-3e">
         <name>.text</name>
         <load_address>0x3d66</load_address>
         <run_address>0x3d66</run_address>
         <size>0x9c</size>
         <input_file_ref idref="fl-d4"/>
      </object_component>
      <object_component id="oc-2ea">
         <name>.text</name>
         <load_address>0x3e02</load_address>
         <run_address>0x3e02</run_address>
         <size>0x96</size>
         <input_file_ref idref="fl-e0"/>
      </object_component>
      <object_component id="oc-223">
         <name>.text:__aeabi_cdcmple</name>
         <load_address>0x3e98</load_address>
         <run_address>0x3e98</run_address>
         <size>0x86</size>
         <input_file_ref idref="fl-ce"/>
      </object_component>
      <object_component id="oc-289">
         <name>.text:__aeabi_cdrcmple</name>
         <load_address>0x3f1e</load_address>
         <run_address>0x3f1e</run_address>
         <size>0x86</size>
         <input_file_ref idref="fl-ce"/>
      </object_component>
      <object_component id="oc-e9">
         <name>.text</name>
         <load_address>0x3fa4</load_address>
         <run_address>0x3fa4</run_address>
         <size>0x80</size>
         <input_file_ref idref="fl-3"/>
      </object_component>
      <object_component id="oc-96">
         <name>.text</name>
         <load_address>0x4024</load_address>
         <run_address>0x4024</run_address>
         <size>0x7a</size>
         <input_file_ref idref="fl-df"/>
      </object_component>
      <object_component id="oc-40e">
         <name>.text:split</name>
         <load_address>0x40a0</load_address>
         <run_address>0x40a0</run_address>
         <size>0x70</size>
         <input_file_ref idref="fl-d8"/>
      </object_component>
      <object_component id="oc-307">
         <name>.text:_mcpy</name>
         <load_address>0x4110</load_address>
         <run_address>0x4110</run_address>
         <size>0x6e</size>
         <input_file_ref idref="fl-dd"/>
      </object_component>
      <object_component id="oc-37a">
         <name>.text</name>
         <load_address>0x417e</load_address>
         <run_address>0x417e</run_address>
         <size>0x6e</size>
         <input_file_ref idref="fl-d1"/>
      </object_component>
      <object_component id="oc-15">
         <name>.text:decompress:lzss:__TI_decompress_lzss</name>
         <load_address>0x41ec</load_address>
         <run_address>0x41ec</run_address>
         <size>0x68</size>
         <input_file_ref idref="fl-d7"/>
      </object_component>
      <object_component id="oc-31c">
         <name>.text:frexp</name>
         <load_address>0x4254</load_address>
         <run_address>0x4254</run_address>
         <size>0x64</size>
         <input_file_ref idref="fl-ee"/>
      </object_component>
      <object_component id="oc-22e">
         <name>.text:_pconv_f</name>
         <load_address>0x42b8</load_address>
         <run_address>0x42b8</run_address>
         <size>0x56</size>
         <input_file_ref idref="fl-dd"/>
      </object_component>
      <object_component id="oc-2fb">
         <name>.text:__TI_ltoa</name>
         <load_address>0x430e</load_address>
         <run_address>0x430e</run_address>
         <size>0x54</size>
         <input_file_ref idref="fl-e6"/>
      </object_component>
      <object_component id="oc-301">
         <name>.text:_ecpy</name>
         <load_address>0x4362</load_address>
         <run_address>0x4362</run_address>
         <size>0x52</size>
         <input_file_ref idref="fl-dd"/>
      </object_component>
      <object_component id="oc-217">
         <name>.text:atoi</name>
         <load_address>0x43b4</load_address>
         <run_address>0x43b4</run_address>
         <size>0x4c</size>
         <input_file_ref idref="fl-e8"/>
      </object_component>
      <object_component id="oc-2f6">
         <name>.text</name>
         <load_address>0x4400</load_address>
         <run_address>0x4400</run_address>
         <size>0x48</size>
         <input_file_ref idref="fl-de"/>
      </object_component>
      <object_component id="oc-10f">
         <name>.text:__TI_auto_init_nobinit_nopinit:__TI_auto_init_nobinit_nopinit</name>
         <load_address>0x4448</load_address>
         <run_address>0x4448</run_address>
         <size>0x44</size>
         <input_file_ref idref="fl-e1"/>
      </object_component>
      <object_component id="oc-ef">
         <name>.text:sprintf</name>
         <load_address>0x448c</load_address>
         <run_address>0x448c</run_address>
         <size>0x40</size>
         <input_file_ref idref="fl-cb"/>
      </object_component>
      <object_component id="oc-15c">
         <name>.text:vsnprintf</name>
         <load_address>0x44cc</load_address>
         <run_address>0x44cc</run_address>
         <size>0x40</size>
         <input_file_ref idref="fl-cc"/>
      </object_component>
      <object_component id="oc-314">
         <name>.text:_fcpy</name>
         <load_address>0x450c</load_address>
         <run_address>0x450c</run_address>
         <size>0x3e</size>
         <input_file_ref idref="fl-dd"/>
      </object_component>
      <object_component id="oc-361">
         <name>.text:calloc</name>
         <load_address>0x454c</load_address>
         <run_address>0x454c</run_address>
         <size>0x38</size>
         <input_file_ref idref="fl-d8"/>
      </object_component>
      <object_component id="oc-194">
         <name>.text</name>
         <load_address>0x4584</load_address>
         <run_address>0x4584</run_address>
         <size>0x38</size>
         <input_file_ref idref="fl-d2"/>
      </object_component>
      <object_component id="oc-143">
         <name>.text:IntRegister</name>
         <load_address>0x45bc</load_address>
         <run_address>0x45bc</run_address>
         <size>0x34</size>
         <input_file_ref idref="fl-f2"/>
      </object_component>
      <object_component id="oc-5c">
         <name>.text:_c_int00_noargs:_c_int00_noargs</name>
         <load_address>0x45f0</load_address>
         <run_address>0x45f0</run_address>
         <size>0x34</size>
         <input_file_ref idref="fl-dc"/>
      </object_component>
      <object_component id="oc-1f9">
         <name>.text:_outs</name>
         <load_address>0x4624</load_address>
         <run_address>0x4624</run_address>
         <size>0x30</size>
         <input_file_ref idref="fl-cc"/>
      </object_component>
      <object_component id="oc-1a3">
         <name>.text</name>
         <load_address>0x4654</load_address>
         <run_address>0x4654</run_address>
         <size>0x2e</size>
         <input_file_ref idref="fl-d3"/>
      </object_component>
      <object_component id="oc-3e2">
         <name>.text:free_list_insert</name>
         <load_address>0x4684</load_address>
         <run_address>0x4684</run_address>
         <size>0x28</size>
         <input_file_ref idref="fl-d8"/>
      </object_component>
      <object_component id="oc-4a">
         <name>.text:decompress:ZI:__TI_zero_init_nomemset:__TI_zero_init_nomemset</name>
         <load_address>0x46ac</load_address>
         <run_address>0x46ac</run_address>
         <size>0x1c</size>
         <input_file_ref idref="fl-d5"/>
      </object_component>
      <object_component id="oc-3dc">
         <name>.text:free_list_remove</name>
         <load_address>0x46c8</load_address>
         <run_address>0x46c8</run_address>
         <size>0x1c</size>
         <input_file_ref idref="fl-d8"/>
      </object_component>
      <object_component id="oc-240">
         <name>.text:memccpy</name>
         <load_address>0x46e4</load_address>
         <run_address>0x46e4</run_address>
         <size>0x1c</size>
         <input_file_ref idref="fl-ea"/>
      </object_component>
      <object_component id="oc-3ae">
         <name>.text:copysign</name>
         <load_address>0x4700</load_address>
         <run_address>0x4700</run_address>
         <size>0x1a</size>
         <input_file_ref idref="fl-f1"/>
      </object_component>
      <object_component id="oc-1ff">
         <name>.text:_outc</name>
         <load_address>0x471a</load_address>
         <run_address>0x471a</run_address>
         <size>0x18</size>
         <input_file_ref idref="fl-cc"/>
      </object_component>
      <object_component id="oc-180">
         <name>.text:_outs</name>
         <load_address>0x4732</load_address>
         <run_address>0x4732</run_address>
         <size>0x18</size>
         <input_file_ref idref="fl-cb"/>
      </object_component>
      <object_component id="oc-36d">
         <name>.text:oi_parseInt</name>
         <load_address>0x474a</load_address>
         <run_address>0x474a</run_address>
         <size>0x18</size>
         <input_file_ref idref="fl-8"/>
      </object_component>
      <object_component id="oc-162">
         <name>.text:strcmp</name>
         <load_address>0x4762</load_address>
         <run_address>0x4762</run_address>
         <size>0x18</size>
         <input_file_ref idref="fl-d9"/>
      </object_component>
      <object_component id="oc-328">
         <name>.text:strchr</name>
         <load_address>0x477a</load_address>
         <run_address>0x477a</run_address>
         <size>0x16</size>
         <input_file_ref idref="fl-eb"/>
      </object_component>
      <object_component id="oc-168">
         <name>.text:strcpy</name>
         <load_address>0x4790</load_address>
         <run_address>0x4790</run_address>
         <size>0x14</size>
         <input_file_ref idref="fl-da"/>
      </object_component>
      <object_component id="oc-fb">
         <name>.text:strlen</name>
         <load_address>0x47a4</load_address>
         <run_address>0x47a4</run_address>
         <size>0x14</size>
         <input_file_ref idref="fl-db"/>
      </object_component>
      <object_component id="oc-246">
         <name>.text:wcslen</name>
         <load_address>0x47b8</load_address>
         <run_address>0x47b8</run_address>
         <size>0x12</size>
         <input_file_ref idref="fl-ed"/>
      </object_component>
      <object_component id="oc-34c">
         <name>.text:IntMasterEnable</name>
         <load_address>0x47ca</load_address>
         <run_address>0x47ca</run_address>
         <size>0x10</size>
         <input_file_ref idref="fl-f2"/>
      </object_component>
      <object_component id="oc-155">
         <name>.text:lcd_clear</name>
         <load_address>0x47da</load_address>
         <run_address>0x47da</run_address>
         <size>0x10</size>
         <input_file_ref idref="fl-6"/>
      </object_component>
      <object_component id="oc-1b">
         <name>.text:decompress:none:__TI_decompress_none</name>
         <load_address>0x47ea</load_address>
         <run_address>0x47ea</run_address>
         <size>0xe</size>
         <input_file_ref idref="fl-d6"/>
      </object_component>
      <object_component id="oc-3ca">
         <name>.text:CPUcpsie</name>
         <load_address>0x47f8</load_address>
         <run_address>0x47f8</run_address>
         <size>0xc</size>
         <input_file_ref idref="fl-f3"/>
      </object_component>
      <object_component id="oc-2a">
         <name>.text</name>
         <load_address>0x4804</load_address>
         <run_address>0x4804</run_address>
         <size>0xc</size>
         <input_file_ref idref="fl-9"/>
      </object_component>
      <object_component id="oc-186">
         <name>.text:_outc</name>
         <load_address>0x4810</load_address>
         <run_address>0x4810</run_address>
         <size>0xa</size>
         <input_file_ref idref="fl-cb"/>
      </object_component>
      <object_component id="oc-24c">
         <name>.text:__aeabi_errno_addr</name>
         <load_address>0x481c</load_address>
         <run_address>0x481c</run_address>
         <size>0x8</size>
         <input_file_ref idref="fl-ec"/>
      </object_component>
      <object_component id="oc-3d5">
         <name>.text:malloc</name>
         <load_address>0x4824</load_address>
         <run_address>0x4824</run_address>
         <size>0x8</size>
         <input_file_ref idref="fl-d8"/>
      </object_component>
      <object_component id="oc-9c">
         <name>.text:_system_pre_init</name>
         <load_address>0x482c</load_address>
         <run_address>0x482c</run_address>
         <size>0x4</size>
         <input_file_ref idref="fl-e2"/>
      </object_component>
      <object_component id="oc-103">
         <name>.text:abort:abort</name>
         <load_address>0x4830</load_address>
         <run_address>0x4830</run_address>
         <size>0x4</size>
         <input_file_ref idref="fl-e4"/>
      </object_component>
      <object_component id="oc-2e5">
         <name>.const:.string:_ctypes_</name>
         <load_address>0x4834</load_address>
         <run_address>0x4834</run_address>
         <size>0x101</size>
         <input_file_ref idref="fl-e9"/>
      </object_component>
      <object_component id="oc-377">
         <name>.const:.string:$P$T0$3</name>
         <load_address>0x4935</load_address>
         <run_address>0x4935</run_address>
         <size>0xf</size>
         <input_file_ref idref="fl-8"/>
      </object_component>
      <object_component id="oc-16e">
         <name>.const:.string:lineAddress$1</name>
         <load_address>0x4944</load_address>
         <run_address>0x4944</run_address>
         <size>0x4</size>
         <input_file_ref idref="fl-6"/>
      </object_component>
      <object_component id="oc-16f">
         <name>.const:.string:lineAddresses$2</name>
         <load_address>0x4948</load_address>
         <run_address>0x4948</run_address>
         <size>0x4</size>
         <input_file_ref idref="fl-6"/>
      </object_component>
      <object_component id="oc-444">
         <name>.cinit..data.load</name>
         <load_address>0x4950</load_address>
         <run_address>0x4950</run_address>
         <size>0x13</size>
      </object_component>
      <object_component id="oc-441">
         <name>__TI_handler_table</name>
         <load_address>0x4964</load_address>
         <run_address>0x4964</run_address>
         <size>0xc</size>
      </object_component>
      <object_component id="oc-445">
         <name>.cinit..bss.load</name>
         <load_address>0x4970</load_address>
         <run_address>0x4970</run_address>
         <size>0x8</size>
      </object_component>
      <object_component id="oc-443">
         <name>.cinit..vtable.load</name>
         <load_address>0x4978</load_address>
         <run_address>0x4978</run_address>
         <size>0x8</size>
      </object_component>
      <object_component id="oc-442">
         <name>__TI_cinit_table</name>
         <load_address>0x4980</load_address>
         <run_address>0x4980</run_address>
         <size>0x18</size>
      </object_component>
      <object_component id="oc-1df">
         <name>.vtable</name>
         <uninitialized>true</uninitialized>
         <run_address>0x20000000</run_address>
         <size>0x26c</size>
         <input_file_ref idref="fl-f2"/>
      </object_component>
      <object_component id="oc-149">
         <name>.data</name>
         <load_address>0x2000236c</load_address>
         <run_address>0x2000236c</run_address>
         <size>0x1</size>
         <input_file_ref idref="fl-2"/>
      </object_component>
      <object_component id="oc-178">
         <name>.data</name>
         <load_address>0x2000236d</load_address>
         <run_address>0x2000236d</run_address>
         <size>0x1</size>
         <input_file_ref idref="fl-3"/>
      </object_component>
      <object_component id="oc-374">
         <name>.data</name>
         <load_address>0x20002330</load_address>
         <run_address>0x20002330</run_address>
         <size>0x20</size>
         <input_file_ref idref="fl-8"/>
      </object_component>
      <object_component id="oc-274">
         <name>.data</name>
         <load_address>0x20002360</load_address>
         <run_address>0x20002360</run_address>
         <size>0x4</size>
         <input_file_ref idref="fl-11"/>
      </object_component>
      <object_component id="oc-151">
         <name>.data</name>
         <load_address>0x20002364</load_address>
         <run_address>0x20002364</run_address>
         <size>0x4</size>
         <input_file_ref idref="fl-15"/>
      </object_component>
      <object_component id="oc-409">
         <name>.data:$O1$$</name>
         <load_address>0x20002358</load_address>
         <run_address>0x20002358</run_address>
         <size>0x8</size>
         <input_file_ref idref="fl-d8"/>
      </object_component>
      <object_component id="oc-1c3">
         <name>.data:$O1$$</name>
         <load_address>0x20002350</load_address>
         <run_address>0x20002350</run_address>
         <size>0x8</size>
         <input_file_ref idref="fl-e5"/>
      </object_component>
      <object_component id="oc-338">
         <name>.data</name>
         <load_address>0x20002368</load_address>
         <run_address>0x20002368</run_address>
         <size>0x4</size>
         <input_file_ref idref="fl-ec"/>
      </object_component>
      <object_component id="oc-170">
         <name>.bss:lastbuffer$3</name>
         <uninitialized>true</uninitialized>
         <run_address>0x20002270</run_address>
         <size>0x54</size>
         <input_file_ref idref="fl-6"/>
      </object_component>
      <object_component id="oc-37f">
         <name>.bss:firmware$2</name>
         <uninitialized>true</uninitialized>
         <run_address>0x200022f8</run_address>
         <size>0x18</size>
         <input_file_ref idref="fl-8"/>
      </object_component>
      <object_component id="oc-14c">
         <name>.common:_timeout_ticks</name>
         <uninitialized>true</uninitialized>
         <run_address>0x20002310</run_address>
         <size>0x4</size>
      </object_component>
      <object_component id="oc-349">
         <name>.common:right_calibration_value</name>
         <uninitialized>true</uninitialized>
         <run_address>0x20002324</run_address>
         <size>0x4</size>
      </object_component>
      <object_component id="oc-34a">
         <name>.common:left_calibration_value</name>
         <uninitialized>true</uninitialized>
         <run_address>0x2000231c</run_address>
         <size>0x4</size>
      </object_component>
      <object_component id="oc-359">
         <name>.common:isr_int_value</name>
         <uninitialized>true</uninitialized>
         <run_address>0x20002318</run_address>
         <size>0x4</size>
      </object_component>
      <object_component id="oc-355">
         <name>.common:risingEdge</name>
         <uninitialized>true</uninitialized>
         <run_address>0x20002328</run_address>
         <size>0x4</size>
      </object_component>
      <object_component id="oc-356">
         <name>.common:fallingEdge</name>
         <uninitialized>true</uninitialized>
         <run_address>0x20002314</run_address>
         <size>0x4</size>
      </object_component>
      <object_component id="oc-357">
         <name>.common:pulseLength</name>
         <uninitialized>true</uninitialized>
         <run_address>0x20002320</run_address>
         <size>0x4</size>
      </object_component>
      <object_component id="oc-352">
         <name>.common:isRisingEdge</name>
         <uninitialized>true</uninitialized>
         <run_address>0x2000232c</run_address>
         <size>0x1</size>
      </object_component>
      <object_component id="oc-14e">
         <name>.common:isr_char_buffer</name>
         <uninitialized>true</uninitialized>
         <run_address>0x200022c4</run_address>
         <size>0x34</size>
      </object_component>
      <object_component id="oc-24">
         <name>.sysmem</name>
         <uninitialized>true</uninitialized>
         <run_address>0x20001270</run_address>
         <size>0x10</size>
         <input_file_ref idref="fl-d8"/>
      </object_component>
      <object_component id="oc-448">
         <name>.sysmem</name>
         <uninitialized>true</uninitialized>
         <run_address>0x20001270</run_address>
         <size>0x0</size>
      </object_component>
      <object_component id="oc-27">
         <name>.stack</name>
         <uninitialized>true</uninitialized>
         <run_address>0x20000270</run_address>
         <size>0x4</size>
         <input_file_ref idref="fl-dc"/>
      </object_component>
      <object_component id="oc-447">
         <name>.stack</name>
         <uninitialized>true</uninitialized>
         <run_address>0x20000270</run_address>
         <size>0x0</size>
      </object_component>
      <object_component id="oc-c5">
         <name>.debug_info</name>
         <load_address>0x0</load_address>
         <run_address>0x0</run_address>
         <size>0x2b1</size>
         <input_file_ref idref="fl-2"/>
      </object_component>
      <object_component id="oc-14a">
         <name>.debug_info</name>
         <load_address>0x2b1</load_address>
         <run_address>0x2b1</run_address>
         <size>0xbf</size>
         <input_file_ref idref="fl-2"/>
      </object_component>
      <object_component id="oc-d8">
         <name>.debug_info</name>
         <load_address>0x370</load_address>
         <run_address>0x370</run_address>
         <size>0x507</size>
         <input_file_ref idref="fl-2"/>
      </object_component>
      <object_component id="oc-77">
         <name>.debug_info</name>
         <load_address>0x877</load_address>
         <run_address>0x877</run_address>
         <size>0x26b</size>
         <input_file_ref idref="fl-2"/>
      </object_component>
      <object_component id="oc-39">
         <name>.debug_info</name>
         <load_address>0xae2</load_address>
         <run_address>0xae2</run_address>
         <size>0x84</size>
         <input_file_ref idref="fl-2"/>
      </object_component>
      <object_component id="oc-c0">
         <name>.debug_info</name>
         <load_address>0xb66</load_address>
         <run_address>0xb66</run_address>
         <size>0x2a4</size>
         <input_file_ref idref="fl-2"/>
      </object_component>
      <object_component id="oc-7c">
         <name>.debug_info</name>
         <load_address>0xe0a</load_address>
         <run_address>0xe0a</run_address>
         <size>0xbb</size>
         <input_file_ref idref="fl-2"/>
      </object_component>
      <object_component id="oc-ea">
         <name>.debug_info</name>
         <load_address>0xec5</load_address>
         <run_address>0xec5</run_address>
         <size>0x180</size>
         <input_file_ref idref="fl-3"/>
      </object_component>
      <object_component id="oc-1af">
         <name>.debug_info</name>
         <load_address>0x1045</load_address>
         <run_address>0x1045</run_address>
         <size>0x4a0</size>
         <input_file_ref idref="fl-4"/>
      </object_component>
      <object_component id="oc-f6">
         <name>.debug_info</name>
         <load_address>0x14e5</load_address>
         <run_address>0x14e5</run_address>
         <size>0x6c5</size>
         <input_file_ref idref="fl-4"/>
      </object_component>
      <object_component id="oc-293">
         <name>.debug_info</name>
         <load_address>0x1baa</load_address>
         <run_address>0x1baa</run_address>
         <size>0x9d</size>
         <input_file_ref idref="fl-4"/>
      </object_component>
      <object_component id="oc-298">
         <name>.debug_info</name>
         <load_address>0x1c47</load_address>
         <run_address>0x1c47</run_address>
         <size>0x5aa</size>
         <input_file_ref idref="fl-4"/>
      </object_component>
      <object_component id="oc-29d">
         <name>.debug_info</name>
         <load_address>0x21f1</load_address>
         <run_address>0x21f1</run_address>
         <size>0x86</size>
         <input_file_ref idref="fl-4"/>
      </object_component>
      <object_component id="oc-1ba">
         <name>.debug_info</name>
         <load_address>0x2277</load_address>
         <run_address>0x2277</run_address>
         <size>0xcc</size>
         <input_file_ref idref="fl-4"/>
      </object_component>
      <object_component id="oc-173">
         <name>.debug_info</name>
         <load_address>0x2343</load_address>
         <run_address>0x2343</run_address>
         <size>0x2c</size>
         <input_file_ref idref="fl-4"/>
      </object_component>
      <object_component id="oc-1b5">
         <name>.debug_info</name>
         <load_address>0x236f</load_address>
         <run_address>0x236f</run_address>
         <size>0x35</size>
         <input_file_ref idref="fl-4"/>
      </object_component>
      <object_component id="oc-102">
         <name>.debug_info</name>
         <load_address>0x23a4</load_address>
         <run_address>0x23a4</run_address>
         <size>0x3fa</size>
         <input_file_ref idref="fl-5"/>
      </object_component>
      <object_component id="oc-a3">
         <name>.debug_info</name>
         <load_address>0x279e</load_address>
         <run_address>0x279e</run_address>
         <size>0x293</size>
         <input_file_ref idref="fl-5"/>
      </object_component>
      <object_component id="oc-172">
         <name>.debug_info</name>
         <load_address>0x2a31</load_address>
         <run_address>0x2a31</run_address>
         <size>0x37f</size>
         <input_file_ref idref="fl-6"/>
      </object_component>
      <object_component id="oc-157">
         <name>.debug_info</name>
         <load_address>0x2db0</load_address>
         <run_address>0x2db0</run_address>
         <size>0x114</size>
         <input_file_ref idref="fl-6"/>
      </object_component>
      <object_component id="oc-e7">
         <name>.debug_info</name>
         <load_address>0x2ec4</load_address>
         <run_address>0x2ec4</run_address>
         <size>0x8a0</size>
         <input_file_ref idref="fl-6"/>
      </object_component>
      <object_component id="oc-28f">
         <name>.debug_info</name>
         <load_address>0x3764</load_address>
         <run_address>0x3764</run_address>
         <size>0x38e</size>
         <input_file_ref idref="fl-7"/>
      </object_component>
      <object_component id="oc-1a9">
         <name>.debug_info</name>
         <load_address>0x3af2</load_address>
         <run_address>0x3af2</run_address>
         <size>0x81c</size>
         <input_file_ref idref="fl-7"/>
      </object_component>
      <object_component id="oc-381">
         <name>.debug_info</name>
         <load_address>0x430e</load_address>
         <run_address>0x430e</run_address>
         <size>0x3fc</size>
         <input_file_ref idref="fl-8"/>
      </object_component>
      <object_component id="oc-375">
         <name>.debug_info</name>
         <load_address>0x470a</load_address>
         <run_address>0x470a</run_address>
         <size>0x111</size>
         <input_file_ref idref="fl-8"/>
      </object_component>
      <object_component id="oc-378">
         <name>.debug_info</name>
         <load_address>0x481b</load_address>
         <run_address>0x481b</run_address>
         <size>0xc6</size>
         <input_file_ref idref="fl-8"/>
      </object_component>
      <object_component id="oc-36e">
         <name>.debug_info</name>
         <load_address>0x48e1</load_address>
         <run_address>0x48e1</run_address>
         <size>0x13e</size>
         <input_file_ref idref="fl-8"/>
      </object_component>
      <object_component id="oc-284">
         <name>.debug_info</name>
         <load_address>0x4a1f</load_address>
         <run_address>0x4a1f</run_address>
         <size>0x1988</size>
         <input_file_ref idref="fl-8"/>
      </object_component>
      <object_component id="oc-2ce">
         <name>.debug_info</name>
         <load_address>0x63a7</load_address>
         <run_address>0x63a7</run_address>
         <size>0x8b</size>
         <input_file_ref idref="fl-8"/>
      </object_component>
      <object_component id="oc-32">
         <name>.debug_info</name>
         <load_address>0x6432</load_address>
         <run_address>0x6432</run_address>
         <size>0x29b</size>
         <input_file_ref idref="fl-9"/>
      </object_component>
      <object_component id="oc-13">
         <name>.debug_info</name>
         <load_address>0x66cd</load_address>
         <run_address>0x66cd</run_address>
         <size>0xda</size>
         <input_file_ref idref="fl-9"/>
      </object_component>
      <object_component id="oc-2c">
         <name>.debug_info</name>
         <load_address>0x67a7</load_address>
         <run_address>0x67a7</run_address>
         <size>0x256</size>
         <input_file_ref idref="fl-9"/>
      </object_component>
      <object_component id="oc-278">
         <name>.debug_info</name>
         <load_address>0x69fd</load_address>
         <run_address>0x69fd</run_address>
         <size>0x485</size>
         <input_file_ref idref="fl-11"/>
      </object_component>
      <object_component id="oc-275">
         <name>.debug_info</name>
         <load_address>0x6e82</load_address>
         <run_address>0x6e82</run_address>
         <size>0x114</size>
         <input_file_ref idref="fl-11"/>
      </object_component>
      <object_component id="oc-190">
         <name>.debug_info</name>
         <load_address>0x6f96</load_address>
         <run_address>0x6f96</run_address>
         <size>0x4ce</size>
         <input_file_ref idref="fl-11"/>
      </object_component>
      <object_component id="oc-27a">
         <name>.debug_info</name>
         <load_address>0x7464</load_address>
         <run_address>0x7464</run_address>
         <size>0x9d</size>
         <input_file_ref idref="fl-11"/>
      </object_component>
      <object_component id="oc-35a">
         <name>.debug_info</name>
         <load_address>0x7501</load_address>
         <run_address>0x7501</run_address>
         <size>0x2b7</size>
         <input_file_ref idref="fl-12"/>
      </object_component>
      <object_component id="oc-270">
         <name>.debug_info</name>
         <load_address>0x77b8</load_address>
         <run_address>0x77b8</run_address>
         <size>0x266</size>
         <input_file_ref idref="fl-12"/>
      </object_component>
      <object_component id="oc-353">
         <name>.debug_info</name>
         <load_address>0x7a1e</load_address>
         <run_address>0x7a1e</run_address>
         <size>0x3ba</size>
         <input_file_ref idref="fl-13"/>
      </object_component>
      <object_component id="oc-26a">
         <name>.debug_info</name>
         <load_address>0x7dd8</load_address>
         <run_address>0x7dd8</run_address>
         <size>0x270</size>
         <input_file_ref idref="fl-13"/>
      </object_component>
      <object_component id="oc-265">
         <name>.debug_info</name>
         <load_address>0x8048</load_address>
         <run_address>0x8048</run_address>
         <size>0x296</size>
         <input_file_ref idref="fl-14"/>
      </object_component>
      <object_component id="oc-14f">
         <name>.debug_info</name>
         <load_address>0x82de</load_address>
         <run_address>0x82de</run_address>
         <size>0x326</size>
         <input_file_ref idref="fl-15"/>
      </object_component>
      <object_component id="oc-152">
         <name>.debug_info</name>
         <load_address>0x8604</load_address>
         <run_address>0x8604</run_address>
         <size>0xee</size>
         <input_file_ref idref="fl-15"/>
      </object_component>
      <object_component id="oc-e1">
         <name>.debug_info</name>
         <load_address>0x86f2</load_address>
         <run_address>0x86f2</run_address>
         <size>0x43b</size>
         <input_file_ref idref="fl-15"/>
      </object_component>
      <object_component id="oc-1f2">
         <name>.debug_info</name>
         <load_address>0x8b2d</load_address>
         <run_address>0x8b2d</run_address>
         <size>0x26b</size>
         <input_file_ref idref="fl-15"/>
      </object_component>
      <object_component id="oc-2d8">
         <name>.debug_info</name>
         <load_address>0x8d98</load_address>
         <run_address>0x8d98</run_address>
         <size>0x297</size>
         <input_file_ref idref="fl-15"/>
      </object_component>
      <object_component id="oc-1ed">
         <name>.debug_info</name>
         <load_address>0x902f</load_address>
         <run_address>0x902f</run_address>
         <size>0xbb</size>
         <input_file_ref idref="fl-15"/>
      </object_component>
      <object_component id="oc-18d">
         <name>.debug_info</name>
         <load_address>0x90ea</load_address>
         <run_address>0x90ea</run_address>
         <size>0x333</size>
         <input_file_ref idref="fl-cb"/>
      </object_component>
      <object_component id="oc-f1">
         <name>.debug_info</name>
         <load_address>0x941d</load_address>
         <run_address>0x941d</run_address>
         <size>0x1d1</size>
         <input_file_ref idref="fl-cb"/>
      </object_component>
      <object_component id="oc-184">
         <name>.debug_info</name>
         <load_address>0x95ee</load_address>
         <run_address>0x95ee</run_address>
         <size>0x18d</size>
         <input_file_ref idref="fl-cb"/>
      </object_component>
      <object_component id="oc-189">
         <name>.debug_info</name>
         <load_address>0x977b</load_address>
         <run_address>0x977b</run_address>
         <size>0x16d</size>
         <input_file_ref idref="fl-cb"/>
      </object_component>
      <object_component id="oc-207">
         <name>.debug_info</name>
         <load_address>0x98e8</load_address>
         <run_address>0x98e8</run_address>
         <size>0x2c</size>
         <input_file_ref idref="fl-cb"/>
      </object_component>
      <object_component id="oc-206">
         <name>.debug_info</name>
         <load_address>0x9914</load_address>
         <run_address>0x9914</run_address>
         <size>0x340</size>
         <input_file_ref idref="fl-cc"/>
      </object_component>
      <object_component id="oc-15d">
         <name>.debug_info</name>
         <load_address>0x9c54</load_address>
         <run_address>0x9c54</run_address>
         <size>0x208</size>
         <input_file_ref idref="fl-cc"/>
      </object_component>
      <object_component id="oc-1fa">
         <name>.debug_info</name>
         <load_address>0x9e5c</load_address>
         <run_address>0x9e5c</run_address>
         <size>0x1c6</size>
         <input_file_ref idref="fl-cc"/>
      </object_component>
      <object_component id="oc-200">
         <name>.debug_info</name>
         <load_address>0xa022</load_address>
         <run_address>0xa022</run_address>
         <size>0x179</size>
         <input_file_ref idref="fl-cc"/>
      </object_component>
      <object_component id="oc-20c">
         <name>.debug_info</name>
         <load_address>0xa19b</load_address>
         <run_address>0xa19b</run_address>
         <size>0x69</size>
         <input_file_ref idref="fl-cc"/>
      </object_component>
      <object_component id="oc-19f">
         <name>.debug_info</name>
         <load_address>0xa204</load_address>
         <run_address>0xa204</run_address>
         <size>0x14c</size>
         <input_file_ref idref="fl-cd"/>
      </object_component>
      <object_component id="oc-226">
         <name>.debug_info</name>
         <load_address>0xa350</load_address>
         <run_address>0xa350</run_address>
         <size>0x128</size>
         <input_file_ref idref="fl-ce"/>
      </object_component>
      <object_component id="oc-28c">
         <name>.debug_info</name>
         <load_address>0xa478</load_address>
         <run_address>0xa478</run_address>
         <size>0x12a</size>
         <input_file_ref idref="fl-ce"/>
      </object_component>
      <object_component id="oc-2f2">
         <name>.debug_info</name>
         <load_address>0xa5a2</load_address>
         <run_address>0xa5a2</run_address>
         <size>0x13a</size>
         <input_file_ref idref="fl-cf"/>
      </object_component>
      <object_component id="oc-19a">
         <name>.debug_info</name>
         <load_address>0xa6dc</load_address>
         <run_address>0xa6dc</run_address>
         <size>0x13a</size>
         <input_file_ref idref="fl-d0"/>
      </object_component>
      <object_component id="oc-37c">
         <name>.debug_info</name>
         <load_address>0xa816</load_address>
         <run_address>0xa816</run_address>
         <size>0x13e</size>
         <input_file_ref idref="fl-d1"/>
      </object_component>
      <object_component id="oc-197">
         <name>.debug_info</name>
         <load_address>0xa954</load_address>
         <run_address>0xa954</run_address>
         <size>0x12c</size>
         <input_file_ref idref="fl-d2"/>
      </object_component>
      <object_component id="oc-1a4">
         <name>.debug_info</name>
         <load_address>0xaa80</load_address>
         <run_address>0xaa80</run_address>
         <size>0x12c</size>
         <input_file_ref idref="fl-d3"/>
      </object_component>
      <object_component id="oc-41">
         <name>.debug_info</name>
         <load_address>0xabac</load_address>
         <run_address>0xabac</run_address>
         <size>0x119</size>
         <input_file_ref idref="fl-d4"/>
      </object_component>
      <object_component id="oc-95">
         <name>.debug_info</name>
         <load_address>0xacc5</load_address>
         <run_address>0xacc5</run_address>
         <size>0x2d4</size>
         <input_file_ref idref="fl-d5"/>
      </object_component>
      <object_component id="oc-4e">
         <name>.debug_info</name>
         <load_address>0xaf99</load_address>
         <run_address>0xaf99</run_address>
         <size>0x1d2</size>
         <input_file_ref idref="fl-d5"/>
      </object_component>
      <object_component id="oc-90">
         <name>.debug_info</name>
         <load_address>0xb16b</load_address>
         <run_address>0xb16b</run_address>
         <size>0x46</size>
         <input_file_ref idref="fl-d5"/>
      </object_component>
      <object_component id="oc-ce">
         <name>.debug_info</name>
         <load_address>0xb1b1</load_address>
         <run_address>0xb1b1</run_address>
         <size>0x2c</size>
         <input_file_ref idref="fl-d5"/>
      </object_component>
      <object_component id="oc-49">
         <name>.debug_info</name>
         <load_address>0xb1dd</load_address>
         <run_address>0xb1dd</run_address>
         <size>0x2a8</size>
         <input_file_ref idref="fl-d6"/>
      </object_component>
      <object_component id="oc-1d">
         <name>.debug_info</name>
         <load_address>0xb485</load_address>
         <run_address>0xb485</run_address>
         <size>0x1ea</size>
         <input_file_ref idref="fl-d6"/>
      </object_component>
      <object_component id="oc-44">
         <name>.debug_info</name>
         <load_address>0xb66f</load_address>
         <run_address>0xb66f</run_address>
         <size>0x46</size>
         <input_file_ref idref="fl-d6"/>
      </object_component>
      <object_component id="oc-88">
         <name>.debug_info</name>
         <load_address>0xb6b5</load_address>
         <run_address>0xb6b5</run_address>
         <size>0x2c</size>
         <input_file_ref idref="fl-d6"/>
      </object_component>
      <object_component id="oc-86">
         <name>.debug_info</name>
         <load_address>0xb6e1</load_address>
         <run_address>0xb6e1</run_address>
         <size>0x29e</size>
         <input_file_ref idref="fl-d7"/>
      </object_component>
      <object_component id="oc-18">
         <name>.debug_info</name>
         <load_address>0xb97f</load_address>
         <run_address>0xb97f</run_address>
         <size>0x250</size>
         <input_file_ref idref="fl-d7"/>
      </object_component>
      <object_component id="oc-34">
         <name>.debug_info</name>
         <load_address>0xbbcf</load_address>
         <run_address>0xbbcf</run_address>
         <size>0x60</size>
         <input_file_ref idref="fl-d7"/>
      </object_component>
      <object_component id="oc-c7">
         <name>.debug_info</name>
         <load_address>0xbc2f</load_address>
         <run_address>0xbc2f</run_address>
         <size>0x46</size>
         <input_file_ref idref="fl-d7"/>
      </object_component>
      <object_component id="oc-81">
         <name>.debug_info</name>
         <load_address>0xbc75</load_address>
         <run_address>0xbc75</run_address>
         <size>0x39</size>
         <input_file_ref idref="fl-d7"/>
      </object_component>
      <object_component id="oc-70">
         <name>.debug_info</name>
         <load_address>0xbcae</load_address>
         <run_address>0xbcae</run_address>
         <size>0x3b2</size>
         <input_file_ref idref="fl-d8"/>
      </object_component>
      <object_component id="oc-25">
         <name>.debug_info</name>
         <load_address>0xc060</load_address>
         <run_address>0xc060</run_address>
         <size>0x10c</size>
         <input_file_ref idref="fl-d8"/>
      </object_component>
      <object_component id="oc-40a">
         <name>.debug_info</name>
         <load_address>0xc16c</load_address>
         <run_address>0xc16c</run_address>
         <size>0x13f</size>
         <input_file_ref idref="fl-d8"/>
      </object_component>
      <object_component id="oc-3d7">
         <name>.debug_info</name>
         <load_address>0xc2ab</load_address>
         <run_address>0xc2ab</run_address>
         <size>0x168</size>
         <input_file_ref idref="fl-d8"/>
      </object_component>
      <object_component id="oc-3df">
         <name>.debug_info</name>
         <load_address>0xc413</load_address>
         <run_address>0xc413</run_address>
         <size>0x18e</size>
         <input_file_ref idref="fl-d8"/>
      </object_component>
      <object_component id="oc-3e5">
         <name>.debug_info</name>
         <load_address>0xc5a1</load_address>
         <run_address>0xc5a1</run_address>
         <size>0x19f</size>
         <input_file_ref idref="fl-d8"/>
      </object_component>
      <object_component id="oc-36b">
         <name>.debug_info</name>
         <load_address>0xc740</load_address>
         <run_address>0xc740</run_address>
         <size>0x203</size>
         <input_file_ref idref="fl-d8"/>
      </object_component>
      <object_component id="oc-411">
         <name>.debug_info</name>
         <load_address>0xc943</load_address>
         <run_address>0xc943</run_address>
         <size>0x1db</size>
         <input_file_ref idref="fl-d8"/>
      </object_component>
      <object_component id="oc-365">
         <name>.debug_info</name>
         <load_address>0xcb1e</load_address>
         <run_address>0xcb1e</run_address>
         <size>0x1a5</size>
         <input_file_ref idref="fl-d8"/>
      </object_component>
      <object_component id="oc-405">
         <name>.debug_info</name>
         <load_address>0xccc3</load_address>
         <run_address>0xccc3</run_address>
         <size>0x299</size>
         <input_file_ref idref="fl-d8"/>
      </object_component>
      <object_component id="oc-bb">
         <name>.debug_info</name>
         <load_address>0xcf5c</load_address>
         <run_address>0xcf5c</run_address>
         <size>0xb2</size>
         <input_file_ref idref="fl-d8"/>
      </object_component>
      <object_component id="oc-b6">
         <name>.debug_info</name>
         <load_address>0xd00e</load_address>
         <run_address>0xd00e</run_address>
         <size>0x2c</size>
         <input_file_ref idref="fl-d8"/>
      </object_component>
      <object_component id="oc-212">
         <name>.debug_info</name>
         <load_address>0xd03a</load_address>
         <run_address>0xd03a</run_address>
         <size>0x28a</size>
         <input_file_ref idref="fl-d9"/>
      </object_component>
      <object_component id="oc-165">
         <name>.debug_info</name>
         <load_address>0xd2c4</load_address>
         <run_address>0xd2c4</run_address>
         <size>0x273</size>
         <input_file_ref idref="fl-d9"/>
      </object_component>
      <object_component id="oc-214">
         <name>.debug_info</name>
         <load_address>0xd537</load_address>
         <run_address>0xd537</run_address>
         <size>0x2a4</size>
         <input_file_ref idref="fl-da"/>
      </object_component>
      <object_component id="oc-16a">
         <name>.debug_info</name>
         <load_address>0xd7db</load_address>
         <run_address>0xd7db</run_address>
         <size>0x24d</size>
         <input_file_ref idref="fl-da"/>
      </object_component>
      <object_component id="oc-1b2">
         <name>.debug_info</name>
         <load_address>0xda28</load_address>
         <run_address>0xda28</run_address>
         <size>0x28f</size>
         <input_file_ref idref="fl-db"/>
      </object_component>
      <object_component id="oc-fd">
         <name>.debug_info</name>
         <load_address>0xdcb7</load_address>
         <run_address>0xdcb7</run_address>
         <size>0x245</size>
         <input_file_ref idref="fl-db"/>
      </object_component>
      <object_component id="oc-28">
         <name>.debug_info</name>
         <load_address>0xdefc</load_address>
         <run_address>0xdefc</run_address>
         <size>0x10b</size>
         <input_file_ref idref="fl-dc"/>
      </object_component>
      <object_component id="oc-5e">
         <name>.debug_info</name>
         <load_address>0xe007</load_address>
         <run_address>0xe007</run_address>
         <size>0x1a9</size>
         <input_file_ref idref="fl-dc"/>
      </object_component>
      <object_component id="oc-253">
         <name>.debug_info</name>
         <load_address>0xe1b0</load_address>
         <run_address>0xe1b0</run_address>
         <size>0x590</size>
         <input_file_ref idref="fl-dd"/>
      </object_component>
      <object_component id="oc-21f">
         <name>.debug_info</name>
         <load_address>0xe740</load_address>
         <run_address>0xe740</run_address>
         <size>0x21e</size>
         <input_file_ref idref="fl-dd"/>
      </object_component>
      <object_component id="oc-302">
         <name>.debug_info</name>
         <load_address>0xe95e</load_address>
         <run_address>0xe95e</run_address>
         <size>0x1b3</size>
         <input_file_ref idref="fl-dd"/>
      </object_component>
      <object_component id="oc-308">
         <name>.debug_info</name>
         <load_address>0xeb11</load_address>
         <run_address>0xeb11</run_address>
         <size>0x21b</size>
         <input_file_ref idref="fl-dd"/>
      </object_component>
      <object_component id="oc-229">
         <name>.debug_info</name>
         <load_address>0xed2c</load_address>
         <run_address>0xed2c</run_address>
         <size>0x3c0</size>
         <input_file_ref idref="fl-dd"/>
      </object_component>
      <object_component id="oc-30f">
         <name>.debug_info</name>
         <load_address>0xf0ec</load_address>
         <run_address>0xf0ec</run_address>
         <size>0x30a</size>
         <input_file_ref idref="fl-dd"/>
      </object_component>
      <object_component id="oc-315">
         <name>.debug_info</name>
         <load_address>0xf3f6</load_address>
         <run_address>0xf3f6</run_address>
         <size>0x215</size>
         <input_file_ref idref="fl-dd"/>
      </object_component>
      <object_component id="oc-22f">
         <name>.debug_info</name>
         <load_address>0xf60b</load_address>
         <run_address>0xf60b</run_address>
         <size>0x215</size>
         <input_file_ref idref="fl-dd"/>
      </object_component>
      <object_component id="oc-235">
         <name>.debug_info</name>
         <load_address>0xf820</load_address>
         <run_address>0xf820</run_address>
         <size>0x304</size>
         <input_file_ref idref="fl-dd"/>
      </object_component>
      <object_component id="oc-23b">
         <name>.debug_info</name>
         <load_address>0xfb24</load_address>
         <run_address>0xfb24</run_address>
         <size>0x4b5</size>
         <input_file_ref idref="fl-dd"/>
      </object_component>
      <object_component id="oc-17b">
         <name>.debug_info</name>
         <load_address>0xffd9</load_address>
         <run_address>0xffd9</run_address>
         <size>0x5f4</size>
         <input_file_ref idref="fl-dd"/>
      </object_component>
      <object_component id="oc-254">
         <name>.debug_info</name>
         <load_address>0x105cd</load_address>
         <run_address>0x105cd</run_address>
         <size>0x86</size>
         <input_file_ref idref="fl-dd"/>
      </object_component>
      <object_component id="oc-33f">
         <name>.debug_info</name>
         <load_address>0x10653</load_address>
         <run_address>0x10653</run_address>
         <size>0x39</size>
         <input_file_ref idref="fl-dd"/>
      </object_component>
      <object_component id="oc-3c5">
         <name>.debug_info</name>
         <load_address>0x1068c</load_address>
         <run_address>0x1068c</run_address>
         <size>0xb6</size>
         <input_file_ref idref="fl-dd"/>
      </object_component>
      <object_component id="oc-344">
         <name>.debug_info</name>
         <load_address>0x10742</load_address>
         <run_address>0x10742</run_address>
         <size>0x46</size>
         <input_file_ref idref="fl-dd"/>
      </object_component>
      <object_component id="oc-259">
         <name>.debug_info</name>
         <load_address>0x10788</load_address>
         <run_address>0x10788</run_address>
         <size>0x46</size>
         <input_file_ref idref="fl-dd"/>
      </object_component>
      <object_component id="oc-2f8">
         <name>.debug_info</name>
         <load_address>0x107ce</load_address>
         <run_address>0x107ce</run_address>
         <size>0x12e</size>
         <input_file_ref idref="fl-de"/>
      </object_component>
      <object_component id="oc-97">
         <name>.debug_info</name>
         <load_address>0x108fc</load_address>
         <run_address>0x108fc</run_address>
         <size>0x147</size>
         <input_file_ref idref="fl-df"/>
      </object_component>
      <object_component id="oc-2ec">
         <name>.debug_info</name>
         <load_address>0x10a43</load_address>
         <run_address>0x10a43</run_address>
         <size>0x134</size>
         <input_file_ref idref="fl-e0"/>
      </object_component>
      <object_component id="oc-1ca">
         <name>.debug_info</name>
         <load_address>0x10b77</load_address>
         <run_address>0x10b77</run_address>
         <size>0x4b3</size>
         <input_file_ref idref="fl-e1"/>
      </object_component>
      <object_component id="oc-110">
         <name>.debug_info</name>
         <load_address>0x1102a</load_address>
         <run_address>0x1102a</run_address>
         <size>0x1a6</size>
         <input_file_ref idref="fl-e1"/>
      </object_component>
      <object_component id="oc-2b4">
         <name>.debug_info</name>
         <load_address>0x111d0</load_address>
         <run_address>0x111d0</run_address>
         <size>0x39</size>
         <input_file_ref idref="fl-e1"/>
      </object_component>
      <object_component id="oc-388">
         <name>.debug_info</name>
         <load_address>0x11209</load_address>
         <run_address>0x11209</run_address>
         <size>0x39</size>
         <input_file_ref idref="fl-e1"/>
      </object_component>
      <object_component id="oc-2b9">
         <name>.debug_info</name>
         <load_address>0x11242</load_address>
         <run_address>0x11242</run_address>
         <size>0x39</size>
         <input_file_ref idref="fl-e1"/>
      </object_component>
      <object_component id="oc-2be">
         <name>.debug_info</name>
         <load_address>0x1127b</load_address>
         <run_address>0x1127b</run_address>
         <size>0xcd</size>
         <input_file_ref idref="fl-e1"/>
      </object_component>
      <object_component id="oc-9d">
         <name>.debug_info</name>
         <load_address>0x11348</load_address>
         <run_address>0x11348</run_address>
         <size>0x153</size>
         <input_file_ref idref="fl-e2"/>
      </object_component>
      <object_component id="oc-106">
         <name>.debug_info</name>
         <load_address>0x1149b</load_address>
         <run_address>0x1149b</run_address>
         <size>0x122</size>
         <input_file_ref idref="fl-e4"/>
      </object_component>
      <object_component id="oc-2ae">
         <name>.debug_info</name>
         <load_address>0x115bd</load_address>
         <run_address>0x115bd</run_address>
         <size>0x2c9</size>
         <input_file_ref idref="fl-e5"/>
      </object_component>
      <object_component id="oc-1c4">
         <name>.debug_info</name>
         <load_address>0x11886</load_address>
         <run_address>0x11886</run_address>
         <size>0x11e</size>
         <input_file_ref idref="fl-e5"/>
      </object_component>
      <object_component id="oc-2a7">
         <name>.debug_info</name>
         <load_address>0x119a4</load_address>
         <run_address>0x119a4</run_address>
         <size>0x12e</size>
         <input_file_ref idref="fl-e5"/>
      </object_component>
      <object_component id="oc-3a2">
         <name>.debug_info</name>
         <load_address>0x11ad2</load_address>
         <run_address>0x11ad2</run_address>
         <size>0x29c</size>
         <input_file_ref idref="fl-e6"/>
      </object_component>
      <object_component id="oc-2ff">
         <name>.debug_info</name>
         <load_address>0x11d6e</load_address>
         <run_address>0x11d6e</run_address>
         <size>0x1da</size>
         <input_file_ref idref="fl-e6"/>
      </object_component>
      <object_component id="oc-2e9">
         <name>.debug_info</name>
         <load_address>0x11f48</load_address>
         <run_address>0x11f48</run_address>
         <size>0x2b9</size>
         <input_file_ref idref="fl-e8"/>
      </object_component>
      <object_component id="oc-21a">
         <name>.debug_info</name>
         <load_address>0x12201</load_address>
         <run_address>0x12201</run_address>
         <size>0x17c</size>
         <input_file_ref idref="fl-e8"/>
      </object_component>
      <object_component id="oc-396">
         <name>.debug_info</name>
         <load_address>0x1237d</load_address>
         <run_address>0x1237d</run_address>
         <size>0xf9</size>
         <input_file_ref idref="fl-e9"/>
      </object_component>
      <object_component id="oc-2e6">
         <name>.debug_info</name>
         <load_address>0x12476</load_address>
         <run_address>0x12476</run_address>
         <size>0x105</size>
         <input_file_ref idref="fl-e9"/>
      </object_component>
      <object_component id="oc-330">
         <name>.debug_info</name>
         <load_address>0x1257b</load_address>
         <run_address>0x1257b</run_address>
         <size>0x2a7</size>
         <input_file_ref idref="fl-ea"/>
      </object_component>
      <object_component id="oc-241">
         <name>.debug_info</name>
         <load_address>0x12822</load_address>
         <run_address>0x12822</run_address>
         <size>0x1b8</size>
         <input_file_ref idref="fl-ea"/>
      </object_component>
      <object_component id="oc-3b7">
         <name>.debug_info</name>
         <load_address>0x129da</load_address>
         <run_address>0x129da</run_address>
         <size>0x29a</size>
         <input_file_ref idref="fl-eb"/>
      </object_component>
      <object_component id="oc-32b">
         <name>.debug_info</name>
         <load_address>0x12c74</load_address>
         <run_address>0x12c74</run_address>
         <size>0x262</size>
         <input_file_ref idref="fl-eb"/>
      </object_component>
      <object_component id="oc-33c">
         <name>.debug_info</name>
         <load_address>0x12ed6</load_address>
         <run_address>0x12ed6</run_address>
         <size>0x289</size>
         <input_file_ref idref="fl-ec"/>
      </object_component>
      <object_component id="oc-339">
         <name>.debug_info</name>
         <load_address>0x1315f</load_address>
         <run_address>0x1315f</run_address>
         <size>0x10e</size>
         <input_file_ref idref="fl-ec"/>
      </object_component>
      <object_component id="oc-24e">
         <name>.debug_info</name>
         <load_address>0x1326d</load_address>
         <run_address>0x1326d</run_address>
         <size>0x14e</size>
         <input_file_ref idref="fl-ec"/>
      </object_component>
      <object_component id="oc-337">
         <name>.debug_info</name>
         <load_address>0x133bb</load_address>
         <run_address>0x133bb</run_address>
         <size>0x28f</size>
         <input_file_ref idref="fl-ed"/>
      </object_component>
      <object_component id="oc-248">
         <name>.debug_info</name>
         <load_address>0x1364a</load_address>
         <run_address>0x1364a</run_address>
         <size>0x15a</size>
         <input_file_ref idref="fl-ed"/>
      </object_component>
      <object_component id="oc-3ba">
         <name>.debug_info</name>
         <load_address>0x137a4</load_address>
         <run_address>0x137a4</run_address>
         <size>0x46</size>
         <input_file_ref idref="fl-ed"/>
      </object_component>
      <object_component id="oc-332">
         <name>.debug_info</name>
         <load_address>0x137ea</load_address>
         <run_address>0x137ea</run_address>
         <size>0x39</size>
         <input_file_ref idref="fl-ed"/>
      </object_component>
      <object_component id="oc-3a8">
         <name>.debug_info</name>
         <load_address>0x13823</load_address>
         <run_address>0x13823</run_address>
         <size>0x295</size>
         <input_file_ref idref="fl-ee"/>
      </object_component>
      <object_component id="oc-31d">
         <name>.debug_info</name>
         <load_address>0x13ab8</load_address>
         <run_address>0x13ab8</run_address>
         <size>0x195</size>
         <input_file_ref idref="fl-ee"/>
      </object_component>
      <object_component id="oc-3f7">
         <name>.debug_info</name>
         <load_address>0x13c4d</load_address>
         <run_address>0x13c4d</run_address>
         <size>0x39</size>
         <input_file_ref idref="fl-ee"/>
      </object_component>
      <object_component id="oc-3a9">
         <name>.debug_info</name>
         <load_address>0x13c86</load_address>
         <run_address>0x13c86</run_address>
         <size>0x2c</size>
         <input_file_ref idref="fl-ee"/>
      </object_component>
      <object_component id="oc-3b5">
         <name>.debug_info</name>
         <load_address>0x13cb2</load_address>
         <run_address>0x13cb2</run_address>
         <size>0x2f8</size>
         <input_file_ref idref="fl-ef"/>
      </object_component>
      <object_component id="oc-323">
         <name>.debug_info</name>
         <load_address>0x13faa</load_address>
         <run_address>0x13faa</run_address>
         <size>0x225</size>
         <input_file_ref idref="fl-ef"/>
      </object_component>
      <object_component id="oc-39a">
         <name>.debug_info</name>
         <load_address>0x141cf</load_address>
         <run_address>0x141cf</run_address>
         <size>0x115</size>
         <input_file_ref idref="fl-f0"/>
      </object_component>
      <object_component id="oc-3af">
         <name>.debug_info</name>
         <load_address>0x142e4</load_address>
         <run_address>0x142e4</run_address>
         <size>0x161</size>
         <input_file_ref idref="fl-f1"/>
      </object_component>
      <object_component id="oc-1e8">
         <name>.debug_info</name>
         <load_address>0x14445</load_address>
         <run_address>0x14445</run_address>
         <size>0x3b7</size>
         <input_file_ref idref="fl-f2"/>
      </object_component>
      <object_component id="oc-1e0">
         <name>.debug_info</name>
         <load_address>0x147fc</load_address>
         <run_address>0x147fc</run_address>
         <size>0x160</size>
         <input_file_ref idref="fl-f2"/>
      </object_component>
      <object_component id="oc-144">
         <name>.debug_info</name>
         <load_address>0x1495c</load_address>
[...]
      </symbol>
      <symbol id="sm-256">
         <name>oi_getMotorCalibrationRight</name>
         <value>0xe01</value>
         <object_component_ref idref="oc-283"/>
      </symbol>
      <symbol id="sm-257">
         <name>oi_uartReceive</name>
         <value>0xa31</value>
         <object_component_ref idref="oc-283"/>
      </symbol>
      <symbol id="sm-258">
         <name>oi_setWheels</name>
         <value>0x88f</value>
         <object_component_ref idref="oc-283"/>
      </symbol>
      <symbol id="sm-259">
         <name>oi_shutoff_init</name>
         <value>0xb51</value>
         <object_component_ref idref="oc-283"/>
      </symbol>
      <symbol id="sm-25a">
         <name>motor_cal_factor_L</name>
         <value>0x20002330</value>
         <object_component_ref idref="oc-374"/>
      </symbol>
      <symbol id="sm-25b">
         <name>motor_cal_factor_R</name>
         <value>0x20002334</value>
         <object_component_ref idref="oc-374"/>
      </symbol>
      <symbol id="sm-25c">
         <name>oi_parseInt</name>
         <value>0x474b</value>
         <object_component_ref idref="oc-36d"/>
      </symbol>
      <symbol id="sm-25d">
         <name>oi_setMotorCalibration</name>
         <value>0xdb1</value>
         <object_component_ref idref="oc-283"/>
      </symbol>
      <symbol id="sm-25e">
         <name>oi_uartSendStr</name>
         <value>0xa59</value>
         <object_component_ref idref="oc-283"/>
      </symbol>
      <symbol id="sm-25f">
         <name>oi_close</name>
         <value>0x2c7</value>
         <object_component_ref idref="oc-283"/>
      </symbol>
      <symbol id="sm-260">
         <name>oi_uartSendBuff</name>
         <value>0xa77</value>
         <object_component_ref idref="oc-283"/>
      </symbol>
      <symbol id="sm-261">
         <name>oi_checkFirmware</name>
         <value>0xaa9</value>
         <object_component_ref idref="oc-283"/>
      </symbol>
      <symbol id="sm-262">
         <name>oi_init_noupdate</name>
         <value>0x289</value>
         <object_component_ref idref="oc-283"/>
      </symbol>
      <symbol id="sm-263">
         <name>oi_uartSendChar</name>
         <value>0xa15</value>
         <object_component_ref idref="oc-283"/>
      </symbol>
      <symbol id="sm-264">
         <name>oi_alloc</name>
         <value>0x26d</value>
         <object_component_ref idref="oc-283"/>
      </symbol>
      <symbol id="sm-265">
         <name>oi_getMotorCalibrationLeft</name>
         <value>0xded</value>
         <object_component_ref idref="oc-283"/>
      </symbol>
      <symbol id="sm-266">
         <name>oi_loadSong</name>
         <value>0x915</value>
         <object_component_ref idref="oc-283"/>
      </symbol>
      <symbol id="sm-267">
         <name>oi_play_song</name>
         <value>0x96b</value>
         <object_component_ref idref="oc-283"/>
      </symbol>
      <symbol id="sm-268">
         <name>oi_parsePacket</name>
         <value>0x32b</value>
         <object_component_ref idref="oc-283"/>
      </symbol>
      <symbol id="sm-269">
         <name>oi_setLeds</name>
         <value>0x84b</value>
         <object_component_ref idref="oc-283"/>
      </symbol>
      <symbol id="sm-26a">
         <name>oi_init</name>
         <value>0x2b1</value>
         <object_component_ref idref="oc-283"/>
      </symbol>
      <symbol id="sm-26b">
         <name>oi_update</name>
         <value>0x2d9</value>
         <object_component_ref idref="oc-283"/>
      </symbol>
      <symbol id="sm-26c">
         <name>oi_uartInit</name>
         <value>0x98d</value>
         <object_component_ref idref="oc-283"/>
      </symbol>
      <symbol id="sm-288">
         <name>ResetISR</name>
         <value>0x4805</value>
         <object_component_ref idref="oc-2a"/>
      </symbol>
      <symbol id="sm-289">
         <name>g_pfnVectors</name>
         <value>0x0</value>
         <object_component_ref idref="oc-12"/>
      </symbol>
      <symbol id="sm-2c5">
         <name>cyBOT_SERVO_cal</name>
         <value>0x277d</value>
         <object_component_ref idref="oc-18e"/>
      </symbol>
      <symbol id="sm-2c6">
         <name>cyBOT_Scan</name>
         <value>0x270b</value>
         <object_component_ref idref="oc-18e"/>
      </symbol>
      <symbol id="sm-2c7">
         <name>cyBOT_scan_features</name>
         <value>0x20002360</value>
         <object_component_ref idref="oc-274"/>
      </symbol>
      <symbol id="sm-2c8">
         <name>cyBOT_scan_version</name>
         <value>0x26a5</value>
         <object_component_ref idref="oc-18e"/>
      </symbol>
      <symbol id="sm-2c9">
         <name>cyBOT_init_Scan</name>
         <value>0x26b3</value>
         <object_component_ref idref="oc-18e"/>
      </symbol>
      <symbol id="sm-2f0">
         <name>isr_int_value</name>
         <value>0x20002318</value>
      </symbol>
      <symbol id="sm-2f1">
         <name>ir_enableInterrupt</name>
         <value>0x37bb</value>
         <object_component_ref idref="oc-26e"/>
      </symbol>
      <symbol id="sm-2f2">
         <name>ir_getDistance</name>
         <value>0x379d</value>
         <object_component_ref idref="oc-26e"/>
      </symbol>
      <symbol id="sm-2f3">
         <name>ir_init</name>
         <value>0x370d</value>
         <object_component_ref idref="oc-26e"/>
      </symbol>
      <symbol id="sm-2f4">
         <name>ADC0SS0_Handler</name>
         <value>0x37a5</value>
         <object_component_ref idref="oc-26e"/>
      </symbol>
      <symbol id="sm-2f5">
         <name>ir_getValue</name>
         <value>0x3775</value>
         <object_component_ref idref="oc-26e"/>
      </symbol>
      <symbol id="sm-324">
         <name>risingEdge</name>
         <value>0x20002328</value>
      </symbol>
      <symbol id="sm-325">
         <name>fallingEdge</name>
         <value>0x20002314</value>
      </symbol>
      <symbol id="sm-326">
         <name>pulseLength</name>
         <value>0x20002320</value>
      </symbol>
      <symbol id="sm-327">
         <name>isRisingEdge</name>
         <value>0x2000232c</value>
      </symbol>
      <symbol id="sm-328">
         <name>TIMER3B_Handler</name>
         <value>0x2c3d</value>
         <object_component_ref idref="oc-268"/>
      </symbol>
      <symbol id="sm-329">
         <name>ping_init</name>
         <value>0x2b4d</value>
         <object_component_ref idref="oc-268"/>
      </symbol>
      <symbol id="sm-32a">
         <name>ping_getDistance</name>
         <value>0x2c8f</value>
         <object_component_ref idref="oc-268"/>
      </symbol>
      <symbol id="sm-32b">
         <name>ping_trigger</name>
         <value>0x2bd3</value>
         <object_component_ref idref="oc-268"/>
      </symbol>
      <symbol id="sm-34d">
         <name>servo_move</name>
         <value>0x32ad</value>
         <object_component_ref idref="oc-262"/>
      </symbol>
      <symbol id="sm-34e">
         <name>servo_init</name>
         <value>0x321d</value>
         <object_component_ref idref="oc-262"/>
      </symbol>
      <symbol id="sm-34f">
         <name>servo_stop</name>
         <value>0x32a1</value>
         <object_component_ref idref="oc-262"/>
      </symbol>
      <symbol id="sm-350">
         <name>servo_setPWM</name>
         <value>0x330d</value>
         <object_component_ref idref="oc-262"/>
      </symbol>
      <symbol id="sm-38c">
         <name>isr_char_buffer</name>
         <value>0x200022c4</value>
      </symbol>
      <symbol id="sm-38d">
         <name>cyBot_getByte</name>
         <value>0x31af</value>
         <object_component_ref idref="oc-dd"/>
      </symbol>
      <symbol id="sm-38e">
         <name>cyBot_sendByte</name>
         <value>0x30c1</value>
         <object_component_ref idref="oc-dd"/>
      </symbol>
      <symbol id="sm-38f">
         <name>cyBot_uart_sendStr</name>
         <value>0x30cd</value>
         <object_component_ref idref="oc-dd"/>
      </symbol>
      <symbol id="sm-390">
         <name>isr_counter</name>
         <value>0x20002364</value>
         <object_component_ref idref="oc-151"/>
      </symbol>
      <symbol id="sm-391">
         <name>cyBot_uart_sendBuffer</name>
         <value>0x30e7</value>
         <object_component_ref idref="oc-dd"/>
      </symbol>
      <symbol id="sm-392">
         <name>cyBot_uart_flush</name>
         <value>0x3191</value>
         <object_component_ref idref="oc-dd"/>
      </symbol>
      <symbol id="sm-393">
         <name>cyBot_UART1_Handler</name>
         <value>0x31c9</value>
         <object_component_ref idref="oc-dd"/>
      </symbol>
      <symbol id="sm-394">
         <name>cyBot_uart_init</name>
         <value>0x30ff</value>
         <object_component_ref idref="oc-dd"/>
      </symbol>
      <symbol id="sm-3bb">
         <name>sprintf</name>
         <value>0x448d</value>
         <object_component_ref idref="oc-ef"/>
      </symbol>
      <symbol id="sm-3e5">
         <name>vsnprintf</name>
         <value>0x44cd</value>
         <object_component_ref idref="oc-15c"/>
      </symbol>
      <symbol id="sm-3fc">
         <name>__aeabi_dsub</name>
         <value>0x2f09</value>
         <object_component_ref idref="oc-19e"/>
      </symbol>
      <symbol id="sm-3fd">
         <name>__aeabi_dadd</name>
         <value>0x2f13</value>
         <object_component_ref idref="oc-19e"/>
      </symbol>
      <symbol id="sm-41f">
         <name>__aeabi_cdcmpeq</name>
         <value>0x3e99</value>
         <object_component_ref idref="oc-223"/>
      </symbol>
      <symbol id="sm-420">
         <name>__aeabi_cdcmple</name>
         <value>0x3e99</value>
         <object_component_ref idref="oc-223"/>
      </symbol>
      <symbol id="sm-421">
         <name>__aeabi_cdrcmple</name>
         <value>0x3f1f</value>
         <object_component_ref idref="oc-289"/>
      </symbol>
      <symbol id="sm-435">
         <name>__aeabi_ddiv</name>
         <value>0x34b1</value>
         <object_component_ref idref="oc-2f1"/>
      </symbol>
      <symbol id="sm-440">
         <name>__aeabi_dmul</name>
         <value>0x3a35</value>
         <object_component_ref idref="oc-199"/>
      </symbol>
      <symbol id="sm-44c">
         <name>__aeabi_d2f</name>
         <value>0x417f</value>
         <object_component_ref idref="oc-37a"/>
      </symbol>
      <symbol id="sm-457">
         <name>__aeabi_f2d</name>
         <value>0x4585</value>
         <object_component_ref idref="oc-194"/>
      </symbol>
      <symbol id="sm-461">
         <name>__aeabi_i2d</name>
         <value>0x4655</value>
         <object_component_ref idref="oc-1a3"/>
      </symbol>
      <symbol id="sm-47c">
         <name>memcpy</name>
         <value>0x3d67</value>
         <object_component_ref idref="oc-3e"/>
      </symbol>
      <symbol id="sm-47d">
         <name>__aeabi_memcpy</name>
         <value>0x3d67</value>
         <object_component_ref idref="oc-3e"/>
      </symbol>
      <symbol id="sm-47e">
         <name>__aeabi_memcpy8</name>
         <value>0x3d67</value>
         <object_component_ref idref="oc-3e"/>
      </symbol>
      <symbol id="sm-47f">
         <name>__aeabi_memcpy4</name>
         <value>0x3d67</value>
         <object_component_ref idref="oc-3e"/>
      </symbol>
      <symbol id="sm-498">
         <name>__TI_zero_init_nomemset</name>
         <value>0x46ad</value>
         <object_component_ref idref="oc-4a"/>
      </symbol>
      <symbol id="sm-4af">
         <name>__TI_decompress_none</name>
         <value>0x47eb</value>
         <object_component_ref idref="oc-1b"/>
      </symbol>
      <symbol id="sm-4d2">
         <name>__TI_decompress_lzss</name>
         <value>0x41ed</value>
         <object_component_ref idref="oc-15"/>
      </symbol>
      <symbol id="sm-567">
         <name>_sys_memory</name>
         <value>0x20001270</value>
         <object_component_ref idref="oc-24"/>
      </symbol>
      <symbol id="sm-568">
         <name>free</name>
         <value>0x3b31</value>
         <object_component_ref idref="oc-367"/>
      </symbol>
      <symbol id="sm-569">
         <name>memalign</name>
         <value>0x3935</value>
         <object_component_ref idref="oc-402"/>
      </symbol>
      <symbol id="sm-56a">
         <name>calloc</name>
         <value>0x454d</value>
         <object_component_ref idref="oc-361"/>
      </symbol>
      <symbol id="sm-56b">
         <name>malloc</name>
         <value>0x4825</value>
         <object_component_ref idref="oc-3d5"/>
      </symbol>
      <symbol id="sm-56c">
         <name>aligned_alloc</name>
         <value>0x3935</value>
         <object_component_ref idref="oc-402"/>
      </symbol>
      <symbol id="sm-57b">
         <name>strcmp</name>
         <value>0x4763</value>
         <object_component_ref idref="oc-162"/>
      </symbol>
      <symbol id="sm-589">
         <name>strcpy</name>
         <value>0x4791</value>
         <object_component_ref idref="oc-168"/>
      </symbol>
      <symbol id="sm-597">
         <name>strlen</name>
         <value>0x47a5</value>
         <object_component_ref idref="oc-fb"/>
      </symbol>
      <symbol id="sm-5aa">
         <name>__stack</name>
         <value>0x20000270</value>
         <object_component_ref idref="oc-27"/>
      </symbol>
      <symbol id="sm-5ab">
         <name>_c_int00_noargs</name>
         <value>0x45f1</value>
         <object_component_ref idref="oc-5c"/>
      </symbol>
      <symbol id="sm-710">
         <name>__TI_printfi</name>
         <value>0xe8d</value>
         <object_component_ref idref="oc-17a"/>
      </symbol>
      <symbol id="sm-71a">
         <name>__aeabi_d2iz</name>
         <value>0x4401</value>
         <object_component_ref idref="oc-2f6"/>
      </symbol>
      <symbol id="sm-729">
         <name>__aeabi_memset</name>
         <value>0x4027</value>
         <object_component_ref idref="oc-96"/>
      </symbol>
      <symbol id="sm-72a">
         <name>memset</name>
         <value>0x402d</value>
         <object_component_ref idref="oc-96"/>
      </symbol>
      <symbol id="sm-72b">
         <name>__aeabi_memset8</name>
         <value>0x4027</value>
         <object_component_ref idref="oc-96"/>
      </symbol>
      <symbol id="sm-72c">
         <name>__aeabi_memset4</name>
         <value>0x4027</value>
         <object_component_ref idref="oc-96"/>
      </symbol>
      <symbol id="sm-72d">
         <name>__aeabi_memclr8</name>
         <value>0x4025</value>
         <object_component_ref idref="oc-96"/>
      </symbol>
      <symbol id="sm-72e">
         <name>__aeabi_memclr4</name>
         <value>0x4025</value>
         <object_component_ref idref="oc-96"/>
      </symbol>
      <symbol id="sm-72f">
         <name>__aeabi_memclr</name>
         <value>0x4025</value>
         <object_component_ref idref="oc-96"/>
      </symbol>
      <symbol id="sm-73c">
         <name>__aeabi_uldivmod</name>
         <value>0x3e03</value>
         <object_component_ref idref="oc-2ea"/>
      </symbol>
      <symbol id="sm-764">
         <name>__TI_auto_init_nobinit_nopinit</name>
         <value>0x4449</value>
         <object_component_ref idref="oc-10f"/>
      </symbol>
      <symbol id="sm-76e">
         <name>_system_pre_init</name>
         <value>0x482d</value>
         <object_component_ref idref="oc-9c"/>
      </symbol>
      <symbol id="sm-77a">
         <name>C$$EXIT</name>
         <value>0x4831</value>
         <object_component_ref idref="oc-103"/>
      </symbol>
      <symbol id="sm-77b">
         <name>abort</name>
         <value>0x4831</value>
         <object_component_ref idref="oc-103"/>
      </symbol>
      <symbol id="sm-790">
         <name>_nop</name>
         <value>0x18db</value>
         <object_component_ref idref="oc-2a6"/>
      </symbol>
      <symbol id="sm-791">
         <name>_lock</name>
         <value>0x20002350</value>
         <object_component_ref idref="oc-1c3"/>
      </symbol>
      <symbol id="sm-792">
         <name>_unlock</name>
         <value>0x20002354</value>
         <object_component_ref idref="oc-1c3"/>
      </symbol>
      <symbol id="sm-7a1">
         <name>__TI_ltoa</name>
         <value>0x430f</value>
         <object_component_ref idref="oc-2fb"/>
      </symbol>
      <symbol id="sm-7b8">
         <name>atoi</name>
         <value>0x43b5</value>
         <object_component_ref idref="oc-217"/>
      </symbol>
      <symbol id="sm-7c3">
         <name>_ctypes_</name>
         <value>0x4834</value>
         <object_component_ref idref="oc-2e5"/>
      </symbol>
      <symbol id="sm-7d3">
         <name>memccpy</name>
         <value>0x46e5</value>
         <object_component_ref idref="oc-240"/>
      </symbol>
      <symbol id="sm-7e3">
         <name>strchr</name>
         <value>0x477b</value>
         <object_component_ref idref="oc-328"/>
      </symbol>
      <symbol id="sm-7f9">
         <name>__aeabi_errno_addr</name>
         <value>0x481d</value>
         <object_component_ref idref="oc-24c"/>
      </symbol>
      <symbol id="sm-7fa">
         <name>errno</name>
         <value>0x20002368</value>
         <object_component_ref idref="oc-338"/>
      </symbol>
      <symbol id="sm-813">
         <name>wcslen</name>
         <value>0x47b9</value>
         <object_component_ref idref="oc-246"/>
      </symbol>
      <symbol id="sm-833">
         <name>frexpl</name>
         <value>0x4255</value>
         <object_component_ref idref="oc-31c"/>
      </symbol>
      <symbol id="sm-834">
         <name>frexp</name>
         <value>0x4255</value>
         <object_component_ref idref="oc-31c"/>
      </symbol>
      <symbol id="sm-851">
         <name>scalbn</name>
         <value>0x3825</value>
         <object_component_ref idref="oc-322"/>
      </symbol>
      <symbol id="sm-852">
         <name>scalbnl</name>
         <value>0x3825</value>
         <object_component_ref idref="oc-322"/>
      </symbol>
      <symbol id="sm-853">
         <name>ldexpl</name>
         <value>0x3825</value>
         <object_component_ref idref="oc-322"/>
      </symbol>
      <symbol id="sm-854">
         <name>ldexp</name>
         <value>0x3825</value>
         <object_component_ref idref="oc-322"/>
      </symbol>
      <symbol id="sm-85e">
         <name>__aeabi_idiv0</name>
         <value>0x30bf</value>
         <object_component_ref idref="oc-399"/>
      </symbol>
      <symbol id="sm-85f">
         <name>__aeabi_ldiv0</name>
         <value>0x30bf</value>
         <object_component_ref idref="oc-399"/>
      </symbol>
      <symbol id="sm-869">
         <name>copysign</name>
         <value>0x4701</value>
         <object_component_ref idref="oc-3ae"/>
      </symbol>
      <symbol id="sm-86a">
         <name>copysignl</name>
         <value>0x4701</value>
         <object_component_ref idref="oc-3ae"/>
      </symbol>
      <symbol id="sm-899">
         <name>IntRegister</name>
         <value>0x45bd</value>
         <object_component_ref idref="oc-143"/>
      </symbol>
      <symbol id="sm-89a">
         <name>g_pfnRAMVectors</name>
         <value>0x20000000</value>
         <object_component_ref idref="oc-1df"/>
      </symbol>
      <symbol id="sm-89b">
         <name>IntMasterEnable</name>
         <value>0x47cb</value>
         <object_component_ref idref="oc-34c"/>
      </symbol>
      <symbol id="sm-8a5">
         <name>CPUcpsie</name>
         <value>0x47f9</value>
         <object_component_ref idref="oc-3ca"/>
      </symbol>
      <symbol id="sm-8a6">
         <name>__TI_static_base__</name>
         <value>0x0</value>
      </symbol>
      <symbol id="sm-8a9">
         <name>__mpu_init</name>
         <value>0x0</value>
      </symbol>
      <symbol id="sm-8aa">
         <name>_system_post_cinit</name>
         <value>0x0</value>
      </symbol>
   </symbol_table>
   <title>Link errors: red sections failed placement</title>
</link_info>
