******************************************************************************
                  TI ARM Linker PC v20.2.7                     
******************************************************************************
>> Linked Wed Mar 20 02:18:20 2024

OUTPUT FILE NAME:   <Lab7.out>
ENTRY POINT SYMBOL: "_c_int00_noargs"  address: 00005965


MEMORY CONFIGURATION

         name            origin    length      used     unused   attr    fill
----------------------  --------  ---------  --------  --------  ----  --------
  FLASH                 00000000   00040000  00005e8f  0003a171  R  X
  SRAM                  20000000   00008000  0000236e  00005c92  RW X


SEGMENT ALLOCATION MAP

run origin  load origin   length   init length attrs members
----------  ----------- ---------- ----------- ----- -------
00000000    00000000    00005e90   00005e90    r-x
  00000000    00000000    0000026c   0000026c    r-- .intvecs
  0000026c    0000026c    0000593c   0000593c    r-x .text
  00005ba8    00005ba8    0000028f   0000028f    r-- .const
  00005e38    00005e38    00000058   00000058    r-- .cinit
20000000    20000000    00002375   00000000    rw-
  20000000    20000000    0000026c   00000000    rw- .vtable
  20000270    20000270    00001000   00000000    rw- .stack
  20001270    20001270    00001000   00000000    rw- .sysmem
  20002270    20002270    000000bd   00000000    rw- .bss
  20002330    20002330    00000045   00000000    rw- .data


SECTION ALLOCATION MAP

 output                                  attributes/
section   page    origin      length       input sections
--------  ----  ----------  ----------   ----------------
.intvecs   0    00000000    0000026c     
                  00000000    0000026c     tm4c123gh6pm_startup_ccs.obj (.intvecs)

.text      0    0000026c    0000593c     
                  0000026c    00000c20     open_interface.obj (.text)
                  00000e8c    00000a4e     rtsv7M4_T_le_v4SPD16_eabi.lib : _printfi.c.obj (.text:__TI_printfi)
                  000018da    00000002                                   : _lock.c.obj (.text:_nop)
                  000018dc    000009d0                                   : e_pow.c.obj (.text:pow)
                  000022ac    00000998     sensorScan.obj (.text)
                  00002c44    00000364     movement.obj (.text)
                  00002fa8    00000328     lcd.obj (.text)
                  000032d0    000002a8     libcybotUART.lib : uart.obj (.text)
                  00003578    00000270     rtsv7M4_T_le_v4SPD16_eabi.lib : _printfi.c.obj (.text:_pconv_a)
                  000037e8    00000260     libcybotScan.lib : cyBot_Scan.obj (.text)
                  00003a48    00000248     Timer.obj (.text)
                  00003c90    00000204     uart-interrupt.obj (.text)
                  00003e94    000001ec     libcybotScan.lib : ping.obj (.text)
                  00004080    000001d0     rtsv7M4_T_le_v4SPD16_eabi.lib : _printfi.c.obj (.text:_pconv_g)
                  00004250    000001b6                                   : fd_add_t2.asm.obj (.text)
                  00004406    00000002                                   : div0.asm.obj (.text)
                  00004408    00000158     libcybotScan.lib : servo.obj (.text)
                  00004560    00000158     rtsv7M4_T_le_v4SPD16_eabi.lib : e_sqrt.c.obj (.text:sqrt)
                  000046b8    00000150     main.obj (.text)
                  00004808    0000013c     rtsv7M4_T_le_v4SPD16_eabi.lib : _printfi.c.obj (.text:_pconv_e)
                  00004944    00000136                                   : fd_div_t2.asm.obj (.text)
                  00004a7a    00000002     --HOLE-- [fill = 0]
                  00004a7c    00000124                                   : _printfi.c.obj (.text:fcvt)
                  00004ba0    00000118     libcybotScan.lib : ir.obj (.text)
                  00004cb8    00000110     rtsv7M4_T_le_v4SPD16_eabi.lib : s_scalbn.c.obj (.text:scalbn)
                  00004dc8    00000100                                   : memory.c.obj (.text:aligned_alloc)
                  00004ec8    000000fc                                   : fd_mul_t2.asm.obj (.text)
                  00004fc4    000000e4                                   : memory.c.obj (.text:free)
                  000050a8    000000b1                                   : _printfi.c.obj (.text:_ltostr)
                  00005159    00000001     --HOLE-- [fill = 0]
                  0000515a    0000009c                                   : memcpy_t2.asm.obj (.text)
                  000051f6    00000096                                   : ull_div_t2.asm.obj (.text)
                  0000528c    00000086                                   : fd_cmp_t2.asm.obj (.text:__aeabi_cdcmple)
                  00005312    00000086                                   : fd_cmp_t2.asm.obj (.text:__aeabi_cdrcmple)
                  00005398    0000007a                                   : memset_t2.asm.obj (.text)
                  00005412    00000002     --HOLE-- [fill = 0]
                  00005414    00000070                                   : memory.c.obj (.text:split)
                  00005484    0000006e                                   : _printfi.c.obj (.text:_mcpy)
                  000054f2    0000006e                                   : fd_tos_t2.asm.obj (.text)
                  00005560    00000068                                   : copy_decompress_lzss.c.obj (.text:decompress:lzss:__TI_decompress_lzss)
                  000055c8    00000064                                   : s_frexp.c.obj (.text:frexp)
                  0000562c    00000056                                   : _printfi.c.obj (.text:_pconv_f)
                  00005682    00000054                                   : _ltoa.c.obj (.text:__TI_ltoa)
                  000056d6    00000052                                   : _printfi.c.obj (.text:_ecpy)
                  00005728    0000004c                                   : atoi.c.obj (.text:atoi)
                  00005774    00000048                                   : fd_toi_t2.asm.obj (.text)
                  000057bc    00000044                                   : autoinit.c.obj (.text:__TI_auto_init_nobinit_nopinit:__TI_auto_init_nobinit_nopinit)
                  00005800    00000040                                   : sprintf.c.obj (.text:sprintf)
                  00005840    00000040                                   : vsnprintf.c.obj (.text:vsnprintf)
                  00005880    0000003e                                   : _printfi.c.obj (.text:_fcpy)
                  000058be    00000002     --HOLE-- [fill = 0]
                  000058c0    00000038                                   : memory.c.obj (.text:calloc)
                  000058f8    00000038                                   : fs_tod_t2.asm.obj (.text)
                  00005930    00000034     driverlib.lib : interrupt.obj (.text:IntRegister)
                  00005964    00000034     rtsv7M4_T_le_v4SPD16_eabi.lib : boot_cortex_m.c.obj (.text:_c_int00_noargs:_c_int00_noargs)
                  00005998    00000030                                   : vsnprintf.c.obj (.text:_outs)
                  000059c8    0000002e                                   : i_tofd_t2.asm.obj (.text)
                  000059f6    00000002     --HOLE-- [fill = 0]
                  000059f8    00000028                                   : memory.c.obj (.text:free_list_insert)
                  00005a20    0000001c                                   : copy_zero_init.c.obj (.text:decompress:ZI:__TI_zero_init_nomemset:__TI_zero_init_nomemset)
                  00005a3c    0000001c                                   : memory.c.obj (.text:free_list_remove)
                  00005a58    0000001c                                   : memccpy.c.obj (.text:memccpy)
                  00005a74    0000001a                                   : s_copysign.c.obj (.text:copysign)
                  00005a8e    00000018                                   : vsnprintf.c.obj (.text:_outc)
                  00005aa6    00000018                                   : sprintf.c.obj (.text:_outs)
                  00005abe    00000018     open_interface.obj (.text:oi_parseInt)
                  00005ad6    00000018     rtsv7M4_T_le_v4SPD16_eabi.lib : strcmp.c.obj (.text:strcmp)
                  00005aee    00000016                                   : strchr.c.obj (.text:strchr)
                  00005b04    00000014                                   : strcpy.c.obj (.text:strcpy)
                  00005b18    00000014                                   : strlen.c.obj (.text:strlen)
                  00005b2c    00000012                                   : wcslen.c.obj (.text:wcslen)
                  00005b3e    00000010     driverlib.lib : interrupt.obj (.text:IntMasterEnable)
                  00005b4e    00000010     lcd.obj (.text:lcd_clear)
                  00005b5e    0000000e     rtsv7M4_T_le_v4SPD16_eabi.lib : copy_decompress_none.c.obj (.text:decompress:none:__TI_decompress_none)
                  00005b6c    0000000c     driverlib.lib : cpu.obj (.text:CPUcpsie)
                  00005b78    0000000c     tm4c123gh6pm_startup_ccs.obj (.text)
                  00005b84    0000000a     rtsv7M4_T_le_v4SPD16_eabi.lib : sprintf.c.obj (.text:_outc)
                  00005b8e    00000002     --HOLE-- [fill = 0]
                  00005b90    00000008                                   : errno.c.obj (.text:__aeabi_errno_addr)
                  00005b98    00000008                                   : memory.c.obj (.text:malloc)
                  00005ba0    00000004                                   : pre_init.c.obj (.text:_system_pre_init)
                  00005ba4    00000004                                   : exit.c.obj (.text:abort:abort)

.const     0    00005ba8    0000028f     
                  00005ba8    00000140     main.obj (.const:$P$T0$1)
                  00005ce8    00000101     rtsv7M4_T_le_v4SPD16_eabi.lib : ctype.c.obj (.const:.string:_ctypes_)
                  00005de9    00000007     uart-interrupt.obj (.const:.string:$P$T0$1)
                  00005df0    00000030     rtsv7M4_T_le_v4SPD16_eabi.lib : e_pow.c.obj (.const:$O1$$)
                  00005e20    0000000f     open_interface.obj (.const:.string:$P$T0$3)
                  00005e2f    00000004     lcd.obj (.const:.string:lineAddress$1)
                  00005e33    00000004     lcd.obj (.const:.string:lineAddresses$2)

.cinit     0    00005e38    00000058     
                  00005e38    0000001f     (.cinit..data.load) [load image, compression = lzss]
                  00005e57    00000001     --HOLE-- [fill = 0]
                  00005e58    0000000c     (__TI_handler_table)
                  00005e64    00000004     --HOLE-- [fill = 0]
                  00005e68    00000008     (.cinit..bss.load) [load image, compression = zero_init]
                  00005e70    00000008     (.cinit..vtable.load) [load image, compression = zero_init]
                  00005e78    00000018     (__TI_cinit_table)

.init_array 
*          0    00000000    00000000     UNINITIALIZED

.vtable    0    20000000    0000026c     UNINITIALIZED
                  20000000    0000026c     driverlib.lib : interrupt.obj (.vtable)

.stack     0    20000270    00001000     UNINITIALIZED
                  20000270    00000004     rtsv7M4_T_le_v4SPD16_eabi.lib : boot_cortex_m.c.obj (.stack)
                  20000274    00000ffc     --HOLE--

.sysmem    0    20001270    00001000     UNINITIALIZED
                  20001270    00000010     rtsv7M4_T_le_v4SPD16_eabi.lib : memory.c.obj (.sysmem)
                  20001280    00000ff0     --HOLE--

.bss       0    20002270    000000bd     UNINITIALIZED
                  20002270    00000054     lcd.obj (.bss:lastbuffer$3)
                  200022c4    00000034     (.common:isr_char_buffer)
                  200022f8    00000018     open_interface.obj (.bss:firmware$2)
                  20002310    00000004     (.common:_timeout_ticks)
                  20002314    00000004     (.common:fallingEdge)
                  20002318    00000004     (.common:isr_int_value)
                  2000231c    00000004     (.common:left_calibration_value)
                  20002320    00000004     (.common:pulseLength)
                  20002324    00000004     (.common:right_calibration_value)
                  20002328    00000004     (.common:risingEdge)
                  2000232c    00000001     (.common:isRisingEdge)

.data      0    20002330    00000045     UNINITIALIZED
                  20002330    00000020     open_interface.obj (.data)
                  20002350    00000008     rtsv7M4_T_le_v4SPD16_eabi.lib : _lock.c.obj (.data:$O1$$)
                  20002358    00000008                                   : memory.c.obj (.data:$O1$$)
                  20002360    00000008     uart-interrupt.obj (.data)
                  20002368    00000004     libcybotScan.lib : cyBot_Scan.obj (.data)
                  2000236c    00000004     libcybotUART.lib : uart.obj (.data)
                  20002370    00000004     rtsv7M4_T_le_v4SPD16_eabi.lib : errno.c.obj (.data)
                  20002374    00000001     Timer.obj (.data)

__llvm_prf_cnts 
*          0    20000000    00000000     UNINITIALIZED

MODULE SUMMARY

       Module                         code    ro data   rw data
       ------                         ----    -------   -------
    .\
       open_interface.obj             3128    15        56     
       sensorScan.obj                 2456    0         0      
       lcd.obj                        824     8         84     
       movement.obj                   868     0         0      
       main.obj                       336     320       8      
       tm4c123gh6pm_startup_ccs.obj   12      620       0      
       Timer.obj                      584     0         5      
       uart-interrupt.obj             516     7         8      
    +--+------------------------------+-------+---------+---------+
       Total:                         8724    970       161    
                                                               
    ../libcybotScan.lib
       cyBot_Scan.obj                 608     0         4      
       ping.obj                       492     0         13     
       servo.obj                      344     0         0      
       ir.obj                         280     0         4      
    +--+------------------------------+-------+---------+---------+
       Total:                         1724    0         21     
                                                               
    ../libcybotUART.lib
       uart.obj                       680     0         56     
    +--+------------------------------+-------+---------+---------+
       Total:                         680     0         56     
                                                               
    C:/ti/TivaWare_C_Series-2.2.0.295/driverlib/ccs/Debug/driverlib.lib
       interrupt.obj                  68      0         620    
       cpu.obj                        12      0         0      
    +--+------------------------------+-------+---------+---------+
       Total:                         80      0         620    
                                                               
    C:\ti\ccs1230\ccs\tools\compiler\ti-cgt-arm_20.2.7.LTS\lib\rtsv7M4_T_le_v4SPD16_eabi.lib
       _printfi.c.obj                 4851    0         0      
       e_pow.c.obj                    2512    48        0      
       memory.c.obj                   728     0         8      
       fd_add_t2.asm.obj              438     0         0      
       e_sqrt.c.obj                   344     0         0      
       fd_div_t2.asm.obj              310     0         0      
       s_scalbn.c.obj                 272     0         0      
       fd_cmp_t2.asm.obj              268     0         0      
       ctype.c.obj                    0       257       0      
       fd_mul_t2.asm.obj              252     0         0      
       memcpy_t2.asm.obj              156     0         0      
       ull_div_t2.asm.obj             150     0         0      
       vsnprintf.c.obj                136     0         0      
       memset_t2.asm.obj              122     0         0      
       fd_tos_t2.asm.obj              110     0         0      
       copy_decompress_lzss.c.obj     104     0         0      
       s_frexp.c.obj                  100     0         0      
       sprintf.c.obj                  98      0         0      
       _ltoa.c.obj                    84      0         0      
       atoi.c.obj                     76      0         0      
       fd_toi_t2.asm.obj              72      0         0      
       autoinit.c.obj                 68      0         0      
       fs_tod_t2.asm.obj              56      0         0      
       boot_cortex_m.c.obj            52      0         0      
       i_tofd_t2.asm.obj              46      0         0      
       copy_zero_init.c.obj           28      0         0      
       memccpy.c.obj                  28      0         0      
       s_copysign.c.obj               26      0         0      
       strcmp.c.obj                   24      0         0      
       strchr.c.obj                   22      0         0      
       strcpy.c.obj                   20      0         0      
       strlen.c.obj                   20      0         0      
       wcslen.c.obj                   18      0         0      
       copy_decompress_none.c.obj     14      0         0      
       errno.c.obj                    8       0         4      
       _lock.c.obj                    2       0         8      
       exit.c.obj                     4       0         0      
       pre_init.c.obj                 4       0         0      
       div0.asm.obj                   2       0         0      
    +--+------------------------------+-------+---------+---------+
       Total:                         11625   305       20     
                                                               
       Heap:                          0       0         4096   
       Stack:                         0       0         4096   
       Linker Generated:              0       83        0      
    +--+------------------------------+-------+---------+---------+
       Grand Total:                   22833   1358      9070   


LINKER GENERATED COPY TABLES

__TI_cinit_table @ 00005e78 records: 3, size/record: 8, table size: 24
	.data: load addr=00005e38, load size=0000001f bytes, run addr=20002330, run size=00000045 bytes, compression=lzss
	.bss: load addr=00005e68, load size=00000008 bytes, run addr=20002270, run size=000000bd bytes, compression=zero_init
	.vtable: load addr=00005e70, load size=00000008 bytes, run addr=20000000, run size=0000026c bytes, compression=zero_init


LINKER GENERATED HANDLER TABLE

__TI_handler_table @ 00005e58 records: 3, size/record: 4, table size: 12
	index: 0, handler: __TI_zero_init
	index: 1, handler: __TI_decompress_lzss
	index: 2, handler: __TI_decompress_none


GLOBAL SYMBOLS: SORTED ALPHABETICALLY BY Name 

address   name                          
-------   ----                          
00004c39  ADC0SS0_Handler               
00005ba5  C$$EXIT                       
00005b6d  CPUcpsie                      
00000bc3  GPIOF_Handler                 
00005b3f  IntMasterEnable               
00005931  IntRegister                   
00005b79  ResetISR                      
00003f85  TIMER3B_Handler               
00003dc7  UART1_Handler                 
20001270  __STACK_END                   
00001000  __STACK_SIZE                  
20000470  __STACK_TOP                   
00001000  __SYSMEM_SIZE                 
00005e78  __TI_CINIT_Base               
00005e90  __TI_CINIT_Limit              
00005e58  __TI_Handler_Table_Base       
00005e64  __TI_Handler_Table_Limit      
000057bd  __TI_auto_init_nobinit_nopinit
00005561  __TI_decompress_lzss          
00005b5f  __TI_decompress_none          
00005683  __TI_ltoa                     
ffffffff  __TI_pprof_out_hndl           
00000e8d  __TI_printfi                  
ffffffff  __TI_prof_data_size           
ffffffff  __TI_prof_data_start          
00000000  __TI_static_base__            
00005a21  __TI_zero_init_nomemset       
0000528d  __aeabi_cdcmpeq               
0000528d  __aeabi_cdcmple               
00005313  __aeabi_cdrcmple              
000054f3  __aeabi_d2f                   
00005775  __aeabi_d2iz                  
0000425b  __aeabi_dadd                  
00004945  __aeabi_ddiv                  
00004ec9  __aeabi_dmul                  
00004251  __aeabi_dsub                  
00005b91  __aeabi_errno_addr            
000058f9  __aeabi_f2d                   
000059c9  __aeabi_i2d                   
00004407  __aeabi_idiv0                 
00004407  __aeabi_ldiv0                 
00005399  __aeabi_memclr                
00005399  __aeabi_memclr4               
00005399  __aeabi_memclr8               
0000515b  __aeabi_memcpy                
0000515b  __aeabi_memcpy4               
0000515b  __aeabi_memcpy8               
0000539b  __aeabi_memset                
0000539b  __aeabi_memset4               
0000539b  __aeabi_memset8               
000051f7  __aeabi_uldivmod              
ffffffff  __binit__                     
ffffffff  __c_args__                    
UNDEFED   __mpu_init                    
20000270  __stack                       
20000000  __start___llvm_prf_cnts       
20000000  __stop___llvm_prf_cnts        
00005965  _c_int00_noargs               
00005ce8  _ctypes_                      
20002350  _lock                         
000018db  _nop                          
20002374  _running                      
20001270  _sys_memory                   
UNDEFED   _system_post_cinit            
00005ba1  _system_pre_init              
20002310  _timeout_ticks                
20002354  _unlock                       
00005ba5  abort                         
00004dc9  aligned_alloc                 
00005729  atoi                          
ffffffff  binit                         
000058c1  calloc                        
20002360  command_byte                  
20002364  command_flag                  
00005a75  copysign                      
00005a75  copysignl                     
000038c1  cyBOT_SERVO_cal               
0000384f  cyBOT_Scan                    
000037f7  cyBOT_init_Scan               
20002368  cyBOT_scan_features           
000037e9  cyBOT_scan_version            
0000351d  cyBot_UART1_Handler           
0000350f  cyBot_getByte_blocking        
000034ef  cyBot_getByte_nonblocking     
000022e5  cyBot_scanRange               
000032d1  cyBot_sendByte                
000022ad  cyBot_sendString              
000034d5  cyBot_uart_flush              
0000343f  cyBot_uart_init               
000033df  cyBot_uart_init_PHJ_first_half
00003387  cyBot_uart_init_clean         
0000330f  cyBot_uart_init_last_half     
000032f7  cyBot_uart_sendBuffer         
000032dd  cyBot_uart_sendStr            
20002370  errno                         
20002314  fallingEdge                   
00004fc5  free                          
000055c9  frexp                         
000055c9  frexpl                        
20000000  g_pfnRAMVectors               
00000000  g_pfnVectors                  
0000097f  go_charge                     
00004c4f  ir_enableInterrupt            
00004c31  ir_getDistance                
00004c09  ir_getValue                   
00004ba1  ir_init                       
2000232c  isRisingEdge                  
200022c4  isr_char_buffer               
2000236c  isr_counter                   
20002318  isr_int_value                 
00005b4f  lcd_clear                     
0000317d  lcd_gotoLine                  
00002fe5  lcd_init                      
000031e3  lcd_printf                    
000030a5  lcd_putc                      
000030dd  lcd_puts                      
00002fa9  lcd_reverseNibble             
000030fb  lcd_sendCommand               
00003139  lcd_sendNibble                
000031a5  lcd_setCursorPos              
00004cb9  ldexp                         
00004cb9  ldexpl                        
2000231c  left_calibration_value        
000046b9  main                          
00005b99  malloc                        
00004dc9  memalign                      
00005a59  memccpy                       
0000515b  memcpy                        
000053a1  memset                        
20002330  motor_cal_factor_L            
20002334  motor_cal_factor_R            
00002cc1  move_backward                 
00002c45  move_forward                  
00002e1d  move_forward_obj              
0000026d  oi_alloc                      
00000aa9  oi_checkFirmware              
000002c7  oi_close                      
00000279  oi_free                       
00000ded  oi_getMotorCalibrationLeft    
00000e01  oi_getMotorCalibrationRight   
000002b1  oi_init                       
00000289  oi_init_noupdate              
00000915  oi_loadSong                   
00005abf  oi_parseInt                   
0000032b  oi_parsePacket                
0000096b  oi_play_song                  
0000084b  oi_setLeds                    
00000db1  oi_setMotorCalibration        
0000088f  oi_setWheels                  
00000b51  oi_shutoff_init               
0000098d  oi_uartInit                   
00000a31  oi_uartReceive                
00000a77  oi_uartSendBuff               
00000a15  oi_uartSendChar               
00000a59  oi_uartSendStr                
000002d9  oi_update                     
00003fd7  ping_getDistance              
00003e95  ping_init                     
00003f1b  ping_trigger                  
000018dd  pow                           
000018dd  powl                          
20002320  pulseLength                   
20002324  right_calibration_value       
20002328  risingEdge                    
00004cb9  scalbn                        
00004cb9  scalbnl                       
00004409  servo_init                    
00004499  servo_move                    
000044f9  servo_setPWM                  
0000448d  servo_stop                    
00005801  sprintf                       
00004561  sqrt                          
00004561  sqrtl                         
00005aef  strchr                        
00005ad7  strcmp                        
00005b05  strcpy                        
00005b19  strlen                        
00003b67  timer_getMicros               
00003b0f  timer_getMillis               
00003a49  timer_init                    
00003aeb  timer_pause                   
00003afd  timer_resume                  
00003ac1  timer_stop                    
00003bc1  timer_waitMicros              
00003bf3  timer_waitMillis              
00002dab  turn_left                     
00002d39  turn_right                    
00003c91  uart_interrupt_init           
00003d77  uart_receive                  
00003d5b  uart_sendChar                 
00003d8f  uart_sendStr                  
00005841  vsnprintf                     
00005b2d  wcslen                        


GLOBAL SYMBOLS: SORTED BY Symbol Address 

address   name                          
-------   ----                          
00000000  __TI_static_base__            
00000000  g_pfnVectors                  
0000026d  oi_alloc                      
00000279  oi_free                       
00000289  oi_init_noupdate              
000002b1  oi_init                       
000002c7  oi_close                      
000002d9  oi_update                     
0000032b  oi_parsePacket                
0000084b  oi_setLeds                    
0000088f  oi_setWheels                  
00000915  oi_loadSong                   
0000096b  oi_play_song                  
0000097f  go_charge                     
0000098d  oi_uartInit                   
00000a15  oi_uartSendChar               
00000a31  oi_uartReceive                
00000a59  oi_uartSendStr                
00000a77  oi_uartSendBuff               
00000aa9  oi_checkFirmware              
00000b51  oi_shutoff_init               
00000bc3  GPIOF_Handler                 
00000db1  oi_setMotorCalibration        
00000ded  oi_getMotorCalibrationLeft    
00000e01  oi_getMotorCalibrationRight   
00000e8d  __TI_printfi                  
00001000  __STACK_SIZE                  
00001000  __SYSMEM_SIZE                 
000018db  _nop                          
000018dd  pow                           
000018dd  powl                          
000022ad  cyBot_sendString              
000022e5  cyBot_scanRange               
00002c45  move_forward                  
00002cc1  move_backward                 
00002d39  turn_right                    
00002dab  turn_left                     
00002e1d  move_forward_obj              
00002fa9  lcd_reverseNibble             
00002fe5  lcd_init                      
000030a5  lcd_putc                      
000030dd  lcd_puts                      
000030fb  lcd_sendCommand               
00003139  lcd_sendNibble                
0000317d  lcd_gotoLine                  
000031a5  lcd_setCursorPos              
000031e3  lcd_printf                    
000032d1  cyBot_sendByte                
000032dd  cyBot_uart_sendStr            
000032f7  cyBot_uart_sendBuffer         
0000330f  cyBot_uart_init_last_half     
00003387  cyBot_uart_init_clean         
000033df  cyBot_uart_init_PHJ_first_half
0000343f  cyBot_uart_init               
000034d5  cyBot_uart_flush              
000034ef  cyBot_getByte_nonblocking     
0000350f  cyBot_getByte_blocking        
0000351d  cyBot_UART1_Handler           
000037e9  cyBOT_scan_version            
000037f7  cyBOT_init_Scan               
0000384f  cyBOT_Scan                    
000038c1  cyBOT_SERVO_cal               
00003a49  timer_init                    
00003ac1  timer_stop                    
00003aeb  timer_pause                   
00003afd  timer_resume                  
00003b0f  timer_getMillis               
00003b67  timer_getMicros               
00003bc1  timer_waitMicros              
00003bf3  timer_waitMillis              
00003c91  uart_interrupt_init           
00003d5b  uart_sendChar                 
00003d77  uart_receive                  
00003d8f  uart_sendStr                  
00003dc7  UART1_Handler                 
00003e95  ping_init                     
00003f1b  ping_trigger                  
00003f85  TIMER3B_Handler               
00003fd7  ping_getDistance              
00004251  __aeabi_dsub                  
0000425b  __aeabi_dadd                  
00004407  __aeabi_idiv0                 
00004407  __aeabi_ldiv0                 
00004409  servo_init                    
0000448d  servo_stop                    
00004499  servo_move                    
000044f9  servo_setPWM                  
00004561  sqrt                          
00004561  sqrtl                         
000046b9  main                          
00004945  __aeabi_ddiv                  
00004ba1  ir_init                       
00004c09  ir_getValue                   
00004c31  ir_getDistance                
00004c39  ADC0SS0_Handler               
00004c4f  ir_enableInterrupt            
00004cb9  ldexp                         
00004cb9  ldexpl                        
00004cb9  scalbn                        
00004cb9  scalbnl                       
00004dc9  aligned_alloc                 
00004dc9  memalign                      
00004ec9  __aeabi_dmul                  
00004fc5  free                          
0000515b  __aeabi_memcpy                
0000515b  __aeabi_memcpy4               
0000515b  __aeabi_memcpy8               
0000515b  memcpy                        
000051f7  __aeabi_uldivmod              
0000528d  __aeabi_cdcmpeq               
0000528d  __aeabi_cdcmple               
00005313  __aeabi_cdrcmple              
00005399  __aeabi_memclr                
00005399  __aeabi_memclr4               
00005399  __aeabi_memclr8               
0000539b  __aeabi_memset                
0000539b  __aeabi_memset4               
0000539b  __aeabi_memset8               
000053a1  memset                        
000054f3  __aeabi_d2f                   
00005561  __TI_decompress_lzss          
000055c9  frexp                         
000055c9  frexpl                        
00005683  __TI_ltoa                     
00005729  atoi                          
00005775  __aeabi_d2iz                  
000057bd  __TI_auto_init_nobinit_nopinit
00005801  sprintf                       
00005841  vsnprintf                     
000058c1  calloc                        
000058f9  __aeabi_f2d                   
00005931  IntRegister                   
00005965  _c_int00_noargs               
000059c9  __aeabi_i2d                   
00005a21  __TI_zero_init_nomemset       
00005a59  memccpy                       
00005a75  copysign                      
00005a75  copysignl                     
00005abf  oi_parseInt                   
00005ad7  strcmp                        
00005aef  strchr                        
00005b05  strcpy                        
00005b19  strlen                        
00005b2d  wcslen                        
00005b3f  IntMasterEnable               
00005b4f  lcd_clear                     
00005b5f  __TI_decompress_none          
00005b6d  CPUcpsie                      
00005b79  ResetISR                      
00005b91  __aeabi_errno_addr            
00005b99  malloc                        
00005ba1  _system_pre_init              
00005ba5  C$$EXIT                       
00005ba5  abort                         
00005ce8  _ctypes_                      
00005e58  __TI_Handler_Table_Base       
00005e64  __TI_Handler_Table_Limit      
00005e78  __TI_CINIT_Base               
00005e90  __TI_CINIT_Limit              
20000000  __start___llvm_prf_cnts       
20000000  __stop___llvm_prf_cnts        
20000000  g_pfnRAMVectors               
20000270  __stack                       
20000470  __STACK_TOP                   
20001270  __STACK_END                   
20001270  _sys_memory                   
200022c4  isr_char_buffer               
20002310  _timeout_ticks                
20002314  fallingEdge                   
20002318  isr_int_value                 
2000231c  left_calibration_value        
20002320  pulseLength                   
20002324  right_calibration_value       
20002328  risingEdge                    
2000232c  isRisingEdge                  
20002330  motor_cal_factor_L            
20002334  motor_cal_factor_R            
20002350  _lock                         
20002354  _unlock                       
20002360  command_byte                  
20002364  command_flag                  
20002368  cyBOT_scan_features           
2000236c  isr_counter                   
20002370  errno                         
20002374  _running                      
ffffffff  __TI_pprof_out_hndl           
ffffffff  __TI_prof_data_size           
ffffffff  __TI_prof_data_start          
ffffffff  __binit__                     
ffffffff  __c_args__                    
ffffffff  binit                         
UNDEFED   __mpu_init                    
UNDEFED   _system_post_cinit            

[193 symbols]
