******************************************************************************
                  TI ARM Linker PC v20.2.7                     
******************************************************************************
>> Linked Mon Mar 25 14:11:13 2024

OUTPUT FILE NAME:   <Lab8.out>
ENTRY POINT SYMBOL: "_c_int00_noargs"  address: 00004c91


MEMORY CONFIGURATION

         name            origin    length      used     unused   attr    fill
----------------------  --------  ---------  --------  --------  ----  --------
  FLASH                 00000000   00040000  0000507b  0003af85  R  X
  SRAM                  20000000   00008000  00002337  00005cc9  RW X


SEGMENT ALLOCATION MAP

run origin  load origin   length   init length attrs members
----------  ----------- ---------- ----------- ----- -------
00000000    00000000    00005080   00005080    r-x
  00000000    00000000    0000026c   0000026c    r-- .intvecs
  0000026c    0000026c    00004c68   00004c68    r-x .text
  00004ed8    00004ed8    0000014f   0000014f    r-- .const
  00005028    00005028    00000058   00000058    r-- .cinit
20000000    20000000    0000233e   00000000    rw-
  20000000    20000000    0000026c   00000000    rw- .vtable
  20000270    20000270    00001000   00000000    rw- .stack
  20001270    20001270    00001000   00000000    rw- .sysmem
  20002270    20002270    00000089   00000000    rw- .bss
  200022fc    200022fc    00000042   00000000    rw- .data


SECTION ALLOCATION MAP

 output                                  attributes/
section   page    origin      length       input sections
--------  ----  ----------  ----------   ----------------
.intvecs   0    00000000    0000026c     
                  00000000    0000026c     tm4c123gh6pm_startup_ccs.obj (.intvecs)

.text      0    0000026c    00004c68     
                  0000026c    00000c20     open_interface.obj (.text)
                  00000e8c    00000a4e     rtsv7M4_T_le_v4SPD16_eabi.lib : _printfi.c.obj (.text:__TI_printfi)
                  000018da    00000002                                   : _lock.c.obj (.text:_nop)
                  000018dc    000009d0                                   : e_pow.c.obj (.text:pow)
                  000022ac    00000328     lcd.obj (.text)
                  000025d4    000002e8     main.obj (.text)
                  000028bc    00000270     rtsv7M4_T_le_v4SPD16_eabi.lib : _printfi.c.obj (.text:_pconv_a)
                  00002b2c    00000260     libcybotScan.lib : cyBot_Scan.obj (.text)
                  00002d8c    00000248     Timer.obj (.text)
                  00002fd4    00000204     uart-interrupt.obj (.text)
                  000031d8    000001ec     libcybotScan.lib : ping.obj (.text)
                  000033c4    000001d0     rtsv7M4_T_le_v4SPD16_eabi.lib : _printfi.c.obj (.text:_pconv_g)
                  00003594    000001b6                                   : fd_add_t2.asm.obj (.text)
                  0000374a    00000002                                   : div0.asm.obj (.text)
                  0000374c    00000158     libcybotScan.lib : servo.obj (.text)
                  000038a4    00000158     rtsv7M4_T_le_v4SPD16_eabi.lib : e_sqrt.c.obj (.text:sqrt)
                  000039fc    0000013c                                   : _printfi.c.obj (.text:_pconv_e)
                  00003b38    00000138     adc.obj (.text)
                  00003c70    00000136     rtsv7M4_T_le_v4SPD16_eabi.lib : fd_div_t2.asm.obj (.text)
                  00003da6    00000002     --HOLE-- [fill = 0]
                  00003da8    00000124                                   : _printfi.c.obj (.text:fcvt)
                  00003ecc    00000118     libcybotScan.lib : ir.obj (.text)
                  00003fe4    00000110     rtsv7M4_T_le_v4SPD16_eabi.lib : s_scalbn.c.obj (.text:scalbn)
                  000040f4    00000100                                   : memory.c.obj (.text:aligned_alloc)
                  000041f4    000000fc                                   : fd_mul_t2.asm.obj (.text)
                  000042f0    000000e4                                   : memory.c.obj (.text:free)
                  000043d4    000000b1                                   : _printfi.c.obj (.text:_ltostr)
                  00004485    00000001     --HOLE-- [fill = 0]
                  00004486    0000009c                                   : memcpy_t2.asm.obj (.text)
                  00004522    00000096                                   : ull_div_t2.asm.obj (.text)
                  000045b8    00000086                                   : fd_cmp_t2.asm.obj (.text:__aeabi_cdcmple)
                  0000463e    00000086                                   : fd_cmp_t2.asm.obj (.text:__aeabi_cdrcmple)
                  000046c4    0000007a                                   : memset_t2.asm.obj (.text)
                  0000473e    00000002     --HOLE-- [fill = 0]
                  00004740    00000070                                   : memory.c.obj (.text:split)
                  000047b0    0000006e                                   : _printfi.c.obj (.text:_mcpy)
                  0000481e    0000006e                                   : fd_tos_t2.asm.obj (.text)
                  0000488c    00000068                                   : copy_decompress_lzss.c.obj (.text:decompress:lzss:__TI_decompress_lzss)
                  000048f4    00000064                                   : s_frexp.c.obj (.text:frexp)
                  00004958    00000056                                   : _printfi.c.obj (.text:_pconv_f)
                  000049ae    00000054                                   : _ltoa.c.obj (.text:__TI_ltoa)
                  00004a02    00000052                                   : _printfi.c.obj (.text:_ecpy)
                  00004a54    0000004c                                   : atoi.c.obj (.text:atoi)
                  00004aa0    00000048                                   : fd_toi_t2.asm.obj (.text)
                  00004ae8    00000044                                   : autoinit.c.obj (.text:__TI_auto_init_nobinit_nopinit:__TI_auto_init_nobinit_nopinit)
                  00004b2c    00000040                                   : sprintf.c.obj (.text:sprintf)
                  00004b6c    00000040                                   : vsnprintf.c.obj (.text:vsnprintf)
                  00004bac    0000003e                                   : _printfi.c.obj (.text:_fcpy)
                  00004bea    00000002     --HOLE-- [fill = 0]
                  00004bec    00000038                                   : memory.c.obj (.text:calloc)
                  00004c24    00000038                                   : fs_tod_t2.asm.obj (.text)
                  00004c5c    00000034     driverlib.lib : interrupt.obj (.text:IntRegister)
                  00004c90    00000034     rtsv7M4_T_le_v4SPD16_eabi.lib : boot_cortex_m.c.obj (.text:_c_int00_noargs:_c_int00_noargs)
                  00004cc4    00000030                                   : vsnprintf.c.obj (.text:_outs)
                  00004cf4    0000002e                                   : i_tofd_t2.asm.obj (.text)
                  00004d22    00000002     --HOLE-- [fill = 0]
                  00004d24    00000028                                   : memory.c.obj (.text:free_list_insert)
                  00004d4c    0000001c                                   : copy_zero_init.c.obj (.text:decompress:ZI:__TI_zero_init_nomemset:__TI_zero_init_nomemset)
                  00004d68    0000001c                                   : memory.c.obj (.text:free_list_remove)
                  00004d84    0000001c                                   : memccpy.c.obj (.text:memccpy)
                  00004da0    0000001a                                   : s_copysign.c.obj (.text:copysign)
                  00004dba    00000018                                   : vsnprintf.c.obj (.text:_outc)
                  00004dd2    00000018                                   : sprintf.c.obj (.text:_outs)
                  00004dea    00000018     open_interface.obj (.text:oi_parseInt)
                  00004e02    00000018     rtsv7M4_T_le_v4SPD16_eabi.lib : strcmp.c.obj (.text:strcmp)
                  00004e1a    00000016                                   : strchr.c.obj (.text:strchr)
                  00004e30    00000014                                   : strcpy.c.obj (.text:strcpy)
                  00004e44    00000014                                   : strlen.c.obj (.text:strlen)
                  00004e58    00000012                                   : wcslen.c.obj (.text:wcslen)
                  00004e6a    00000010     driverlib.lib : interrupt.obj (.text:IntMasterEnable)
                  00004e7a    00000010     lcd.obj (.text:lcd_clear)
                  00004e8a    0000000e     rtsv7M4_T_le_v4SPD16_eabi.lib : copy_decompress_none.c.obj (.text:decompress:none:__TI_decompress_none)
                  00004e98    0000000c     driverlib.lib : cpu.obj (.text:CPUcpsie)
                  00004ea4    0000000c     tm4c123gh6pm_startup_ccs.obj (.text)
                  00004eb0    0000000a     rtsv7M4_T_le_v4SPD16_eabi.lib : sprintf.c.obj (.text:_outc)
                  00004eba    00000002     --HOLE-- [fill = 0]
                  00004ebc    00000008                                   : errno.c.obj (.text:__aeabi_errno_addr)
                  00004ec4    00000008                                   : memory.c.obj (.text:malloc)
                  00004ecc    00000004                                   : pre_init.c.obj (.text:_system_pre_init)
                  00004ed0    00000004                                   : exit.c.obj (.text:abort:abort)

.const     0    00004ed8    0000014f     
                  00004ed8    00000101     rtsv7M4_T_le_v4SPD16_eabi.lib : ctype.c.obj (.const:.string:_ctypes_)
                  00004fd9    00000007     uart-interrupt.obj (.const:.string:$P$T0$1)
                  00004fe0    00000030     rtsv7M4_T_le_v4SPD16_eabi.lib : e_pow.c.obj (.const:$O1$$)
                  00005010    0000000f     open_interface.obj (.const:.string:$P$T0$3)
                  0000501f    00000004     lcd.obj (.const:.string:lineAddress$1)
                  00005023    00000004     lcd.obj (.const:.string:lineAddresses$2)

.cinit     0    00005028    00000058     
                  00005028    0000001f     (.cinit..data.load) [load image, compression = lzss]
                  00005047    00000001     --HOLE-- [fill = 0]
                  00005048    0000000c     (__TI_handler_table)
                  00005054    00000004     --HOLE-- [fill = 0]
                  00005058    00000008     (.cinit..bss.load) [load image, compression = zero_init]
                  00005060    00000008     (.cinit..vtable.load) [load image, compression = zero_init]
                  00005068    00000018     (__TI_cinit_table)

.init_array 
*          0    00000000    00000000     UNINITIALIZED

.vtable    0    20000000    0000026c     UNINITIALIZED
                  20000000    0000026c     driverlib.lib : interrupt.obj (.vtable)

.stack     0    20000270    00001000     UNINITIALIZED
                  20000270    00000004     rtsv7M4_T_le_v4SPD16_eabi.lib : boot_cortex_m.c.obj (.stack)
                  20000274    00000ffc     --HOLE--

.sysmem    0    20001270    00001000     UNINITIALIZED
                  20001270    00000010     rtsv7M4_T_le_v4SPD16_eabi.lib : memory.c.obj (.sysmem)
                  20001280    00000ff0     --HOLE--

.bss       0    20002270    00000089     UNINITIALIZED
                  20002270    00000054     lcd.obj (.bss:lastbuffer$3)
                  200022c4    00000018     open_interface.obj (.bss:firmware$2)
                  200022dc    00000004     (.common:_timeout_ticks)
                  200022e0    00000004     (.common:fallingEdge)
                  200022e4    00000004     (.common:isr_int_value)
                  200022e8    00000004     (.common:left_calibration_value)
                  200022ec    00000004     (.common:pulseLength)
                  200022f0    00000004     (.common:right_calibration_value)
                  200022f4    00000004     (.common:risingEdge)
                  200022f8    00000001     (.common:isRisingEdge)

.data      0    200022fc    00000042     UNINITIALIZED
                  200022fc    00000020     open_interface.obj (.data)
                  2000231c    00000008     rtsv7M4_T_le_v4SPD16_eabi.lib : _lock.c.obj (.data:$O1$$)
                  20002324    00000008                                   : memory.c.obj (.data:$O1$$)
                  2000232c    00000008     uart-interrupt.obj (.data)
                  20002334    00000004     libcybotScan.lib : cyBot_Scan.obj (.data)
                  20002338    00000004     rtsv7M4_T_le_v4SPD16_eabi.lib : errno.c.obj (.data)
                  2000233c    00000001     Timer.obj (.data)
                  2000233d    00000001     adc.obj (.data)

__llvm_prf_cnts 
*          0    20000000    00000000     UNINITIALIZED

MODULE SUMMARY

       Module                         code    ro data   rw data
       ------                         ----    -------   -------
    .\
       open_interface.obj             3128    15        56     
       lcd.obj                        824     8         84     
       main.obj                       744     0         8      
       tm4c123gh6pm_startup_ccs.obj   12      620       0      
       Timer.obj                      584     0         5      
       uart-interrupt.obj             516     7         8      
       adc.obj                        312     0         1      
    +--+------------------------------+-------+---------+---------+
       Total:                         6120    650       162    
                                                               
    ../libcybotScan.lib
       cyBot_Scan.obj                 608     0         4      
       ping.obj                       492     0         13     
       servo.obj                      344     0         0      
       ir.obj                         280     0         4      
    +--+------------------------------+-------+---------+---------+
       Total:                         1724    0         21     
                                                               
    C:/ti/TivaWare_C_Series-2.2.0.295/driverlib/ccs/Debug/driverlib.lib
       interrupt.obj                  68      0         620    
       cpu.obj                        12      0         0      
    +--+------------------------------+-------+---------+---------+
       Total:                         80      0         620    
                                                               
    C:\ti\ccs1230\ccs\tools\compiler\ti-cgt-arm_20.2.7.LTS\lib\rtsv7M4_T_le_v4SPD16_eabi.lib
       _printfi.c.obj                 4851    0         0      
       e_pow.c.obj                    2512    48        0      
       memory.c.obj                   728     0         8      
       fd_add_t2.asm.obj              438     0         0      
       e_sqrt.c.obj                   344     0         0      
       fd_div_t2.asm.obj              310     0         0      
       s_scalbn.c.obj                 272     0         0      
       fd_cmp_t2.asm.obj              268     0         0      
       ctype.c.obj                    0       257       0      
       fd_mul_t2.asm.obj              252     0         0      
       memcpy_t2.asm.obj              156     0         0      
       ull_div_t2.asm.obj             150     0         0      
       vsnprintf.c.obj                136     0         0      
       memset_t2.asm.obj              122     0         0      
       fd_tos_t2.asm.obj              110     0         0      
       copy_decompress_lzss.c.obj     104     0         0      
       s_frexp.c.obj                  100     0         0      
       sprintf.c.obj                  98      0         0      
       _ltoa.c.obj                    84      0         0      
       atoi.c.obj                     76      0         0      
       fd_toi_t2.asm.obj              72      0         0      
       autoinit.c.obj                 68      0         0      
       fs_tod_t2.asm.obj              56      0         0      
       boot_cortex_m.c.obj            52      0         0      
       i_tofd_t2.asm.obj              46      0         0      
       copy_zero_init.c.obj           28      0         0      
       memccpy.c.obj                  28      0         0      
       s_copysign.c.obj               26      0         0      
       strcmp.c.obj                   24      0         0      
       strchr.c.obj                   22      0         0      
       strcpy.c.obj                   20      0         0      
       strlen.c.obj                   20      0         0      
       wcslen.c.obj                   18      0         0      
       copy_decompress_none.c.obj     14      0         0      
       errno.c.obj                    8       0         4      
       _lock.c.obj                    2       0         8      
       exit.c.obj                     4       0         0      
       pre_init.c.obj                 4       0         0      
       div0.asm.obj                   2       0         0      
    +--+------------------------------+-------+---------+---------+
       Total:                         11625   305       20     
                                                               
       Heap:                          0       0         4096   
       Stack:                         0       0         4096   
       Linker Generated:              0       83        0      
    +--+------------------------------+-------+---------+---------+
       Grand Total:                   19549   1038      9015   


LINKER GENERATED COPY TABLES

__TI_cinit_table @ 00005068 records: 3, size/record: 8, table size: 24
	.data: load addr=00005028, load size=0000001f bytes, run addr=200022fc, run size=00000042 bytes, compression=lzss
	.bss: load addr=00005058, load size=00000008 bytes, run addr=20002270, run size=00000089 bytes, compression=zero_init
	.vtable: load addr=00005060, load size=00000008 bytes, run addr=20000000, run size=0000026c bytes, compression=zero_init


LINKER GENERATED HANDLER TABLE

__TI_handler_table @ 00005048 records: 3, size/record: 4, table size: 12
	index: 0, handler: __TI_zero_init
	index: 1, handler: __TI_decompress_lzss
	index: 2, handler: __TI_decompress_none


GLOBAL SYMBOLS: SORTED ALPHABETICALLY BY Name 

address   name                          
-------   ----                          
00003f65  ADC0SS0_Handler               
00004ed1  C$$EXIT                       
00004e99  CPUcpsie                      
00000bc3  GPIOF_Handler                 
00004e6b  IntMasterEnable               
00004c5d  IntRegister                   
00004ea5  ResetISR                      
000032c9  TIMER3B_Handler               
0000310b  UART1_Handler                 
20001270  __STACK_END                   
00001000  __STACK_SIZE                  
20000470  __STACK_TOP                   
00001000  __SYSMEM_SIZE                 
00005068  __TI_CINIT_Base               
00005080  __TI_CINIT_Limit              
00005048  __TI_Handler_Table_Base       
00005054  __TI_Handler_Table_Limit      
00004ae9  __TI_auto_init_nobinit_nopinit
0000488d  __TI_decompress_lzss          
00004e8b  __TI_decompress_none          
000049af  __TI_ltoa                     
ffffffff  __TI_pprof_out_hndl           
00000e8d  __TI_printfi                  
ffffffff  __TI_prof_data_size           
ffffffff  __TI_prof_data_start          
00000000  __TI_static_base__            
00004d4d  __TI_zero_init_nomemset       
000045b9  __aeabi_cdcmpeq               
000045b9  __aeabi_cdcmple               
0000463f  __aeabi_cdrcmple              
0000481f  __aeabi_d2f                   
00004aa1  __aeabi_d2iz                  
0000359f  __aeabi_dadd                  
00003c71  __aeabi_ddiv                  
000041f5  __aeabi_dmul                  
00003595  __aeabi_dsub                  
00004ebd  __aeabi_errno_addr            
00004c25  __aeabi_f2d                   
00004cf5  __aeabi_i2d                   
0000374b  __aeabi_idiv0                 
0000374b  __aeabi_ldiv0                 
000046c5  __aeabi_memclr                
000046c5  __aeabi_memclr4               
000046c5  __aeabi_memclr8               
00004487  __aeabi_memcpy                
00004487  __aeabi_memcpy4               
00004487  __aeabi_memcpy8               
000046c7  __aeabi_memset                
000046c7  __aeabi_memset4               
000046c7  __aeabi_memset8               
00004523  __aeabi_uldivmod              
ffffffff  __binit__                     
ffffffff  __c_args__                    
UNDEFED   __mpu_init                    
20000270  __stack                       
20000000  __start___llvm_prf_cnts       
20000000  __stop___llvm_prf_cnts        
00004c91  _c_int00_noargs               
00004ed8  _ctypes_                      
2000231c  _lock                         
000018db  _nop                          
2000233c  _running                      
20001270  _sys_memory                   
UNDEFED   _system_post_cinit            
00004ecd  _system_pre_init              
200022dc  _timeout_ticks                
20002320  _unlock                       
00004ed1  abort                         
00003b39  adc_init                      
00003bf7  adc_read                      
000040f5  aligned_alloc                 
00004a55  atoi                          
ffffffff  binit                         
00004bed  calloc                        
2000232c  command_byte                  
20002330  command_flag                  
00004da1  copysign                      
00004da1  copysignl                     
00002c05  cyBOT_SERVO_cal               
00002b93  cyBOT_Scan                    
00002b3b  cyBOT_init_Scan               
20002334  cyBOT_scan_features           
00002b2d  cyBOT_scan_version            
20002338  errno                         
200022e0  fallingEdge                   
000042f1  free                          
000048f5  frexp                         
000048f5  frexpl                        
20000000  g_pfnRAMVectors               
00000000  g_pfnVectors                  
0000097f  go_charge                     
00003f7b  ir_enableInterrupt            
00003f5d  ir_getDistance                
00003f35  ir_getValue                   
00003ecd  ir_init                       
200022f8  isRisingEdge                  
200022e4  isr_int_value                 
00004e7b  lcd_clear                     
00002481  lcd_gotoLine                  
000022e9  lcd_init                      
000024e7  lcd_printf                    
000023a9  lcd_putc                      
000023e1  lcd_puts                      
000022ad  lcd_reverseNibble             
000023ff  lcd_sendCommand               
0000243d  lcd_sendNibble                
000024a9  lcd_setCursorPos              
00003fe5  ldexp                         
00003fe5  ldexpl                        
200022e8  left_calibration_value        
000025d5  main                          
00004ec5  malloc                        
000040f5  memalign                      
00004d85  memccpy                       
00004487  memcpy                        
000046cd  memset                        
200022fc  motor_cal_factor_L            
20002300  motor_cal_factor_R            
0000026d  oi_alloc                      
00000aa9  oi_checkFirmware              
000002c7  oi_close                      
00000279  oi_free                       
00000ded  oi_getMotorCalibrationLeft    
00000e01  oi_getMotorCalibrationRight   
000002b1  oi_init                       
00000289  oi_init_noupdate              
00000915  oi_loadSong                   
00004deb  oi_parseInt                   
0000032b  oi_parsePacket                
0000096b  oi_play_song                  
0000084b  oi_setLeds                    
00000db1  oi_setMotorCalibration        
0000088f  oi_setWheels                  
00000b51  oi_shutoff_init               
0000098d  oi_uartInit                   
00000a31  oi_uartReceive                
00000a77  oi_uartSendBuff               
00000a15  oi_uartSendChar               
00000a59  oi_uartSendStr                
000002d9  oi_update                     
0000331b  ping_getDistance              
000031d9  ping_init                     
0000325f  ping_trigger                  
000018dd  pow                           
000018dd  powl                          
200022ec  pulseLength                   
200022f0  right_calibration_value       
200022f4  risingEdge                    
00003fe5  scalbn                        
00003fe5  scalbnl                       
0000374d  servo_init                    
000037dd  servo_move                    
0000383d  servo_setPWM                  
000037d1  servo_stop                    
00004b2d  sprintf                       
000038a5  sqrt                          
000038a5  sqrtl                         
00004e1b  strchr                        
00004e03  strcmp                        
00004e31  strcpy                        
00004e45  strlen                        
00002eab  timer_getMicros               
00002e53  timer_getMillis               
00002d8d  timer_init                    
00002e2f  timer_pause                   
00002e41  timer_resume                  
00002e05  timer_stop                    
00002f05  timer_waitMicros              
00002f37  timer_waitMillis              
00002fd5  uart_interrupt_init           
000030bb  uart_receive                  
0000309f  uart_sendChar                 
000030d3  uart_sendStr                  
00004b6d  vsnprintf                     
00004e59  wcslen                        


GLOBAL SYMBOLS: SORTED BY Symbol Address 

address   name                          
-------   ----                          
00000000  __TI_static_base__            
00000000  g_pfnVectors                  
0000026d  oi_alloc                      
00000279  oi_free                       
00000289  oi_init_noupdate              
000002b1  oi_init                       
000002c7  oi_close                      
000002d9  oi_update                     
0000032b  oi_parsePacket                
0000084b  oi_setLeds                    
0000088f  oi_setWheels                  
00000915  oi_loadSong                   
0000096b  oi_play_song                  
0000097f  go_charge                     
0000098d  oi_uartInit                   
00000a15  oi_uartSendChar               
00000a31  oi_uartReceive                
00000a59  oi_uartSendStr                
00000a77  oi_uartSendBuff               
00000aa9  oi_checkFirmware              
00000b51  oi_shutoff_init               
00000bc3  GPIOF_Handler                 
00000db1  oi_setMotorCalibration        
00000ded  oi_getMotorCalibrationLeft    
00000e01  oi_getMotorCalibrationRight   
00000e8d  __TI_printfi                  
00001000  __STACK_SIZE                  
00001000  __SYSMEM_SIZE                 
000018db  _nop                          
000018dd  pow                           
000018dd  powl                          
000022ad  lcd_reverseNibble             
000022e9  lcd_init                      
000023a9  lcd_putc                      
000023e1  lcd_puts                      
000023ff  lcd_sendCommand               
0000243d  lcd_sendNibble                
00002481  lcd_gotoLine                  
000024a9  lcd_setCursorPos              
000024e7  lcd_printf                    
000025d5  main                          
00002b2d  cyBOT_scan_version            
00002b3b  cyBOT_init_Scan               
00002b93  cyBOT_Scan                    
00002c05  cyBOT_SERVO_cal               
00002d8d  timer_init                    
00002e05  timer_stop                    
00002e2f  timer_pause                   
00002e41  timer_resume                  
00002e53  timer_getMillis               
00002eab  timer_getMicros               
00002f05  timer_waitMicros              
00002f37  timer_waitMillis              
00002fd5  uart_interrupt_init           
0000309f  uart_sendChar                 
000030bb  uart_receive                  
000030d3  uart_sendStr                  
0000310b  UART1_Handler                 
000031d9  ping_init                     
0000325f  ping_trigger                  
000032c9  TIMER3B_Handler               
0000331b  ping_getDistance              
00003595  __aeabi_dsub                  
0000359f  __aeabi_dadd                  
0000374b  __aeabi_idiv0                 
0000374b  __aeabi_ldiv0                 
0000374d  servo_init                    
000037d1  servo_stop                    
000037dd  servo_move                    
0000383d  servo_setPWM                  
000038a5  sqrt                          
000038a5  sqrtl                         
00003b39  adc_init                      
00003bf7  adc_read                      
00003c71  __aeabi_ddiv                  
00003ecd  ir_init                       
00003f35  ir_getValue                   
00003f5d  ir_getDistance                
00003f65  ADC0SS0_Handler               
00003f7b  ir_enableInterrupt            
00003fe5  ldexp                         
00003fe5  ldexpl                        
00003fe5  scalbn                        
00003fe5  scalbnl                       
000040f5  aligned_alloc                 
000040f5  memalign                      
000041f5  __aeabi_dmul                  
000042f1  free                          
00004487  __aeabi_memcpy                
00004487  __aeabi_memcpy4               
00004487  __aeabi_memcpy8               
00004487  memcpy                        
00004523  __aeabi_uldivmod              
000045b9  __aeabi_cdcmpeq               
000045b9  __aeabi_cdcmple               
0000463f  __aeabi_cdrcmple              
000046c5  __aeabi_memclr                
000046c5  __aeabi_memclr4               
000046c5  __aeabi_memclr8               
000046c7  __aeabi_memset                
000046c7  __aeabi_memset4               
000046c7  __aeabi_memset8               
000046cd  memset                        
0000481f  __aeabi_d2f                   
0000488d  __TI_decompress_lzss          
000048f5  frexp                         
000048f5  frexpl                        
000049af  __TI_ltoa                     
00004a55  atoi                          
00004aa1  __aeabi_d2iz                  
00004ae9  __TI_auto_init_nobinit_nopinit
00004b2d  sprintf                       
00004b6d  vsnprintf                     
00004bed  calloc                        
00004c25  __aeabi_f2d                   
00004c5d  IntRegister                   
00004c91  _c_int00_noargs               
00004cf5  __aeabi_i2d                   
00004d4d  __TI_zero_init_nomemset       
00004d85  memccpy                       
00004da1  copysign                      
00004da1  copysignl                     
00004deb  oi_parseInt                   
00004e03  strcmp                        
00004e1b  strchr                        
00004e31  strcpy                        
00004e45  strlen                        
00004e59  wcslen                        
00004e6b  IntMasterEnable               
00004e7b  lcd_clear                     
00004e8b  __TI_decompress_none          
00004e99  CPUcpsie                      
00004ea5  ResetISR                      
00004ebd  __aeabi_errno_addr            
00004ec5  malloc                        
00004ecd  _system_pre_init              
00004ed1  C$$EXIT                       
00004ed1  abort                         
00004ed8  _ctypes_                      
00005048  __TI_Handler_Table_Base       
00005054  __TI_Handler_Table_Limit      
00005068  __TI_CINIT_Base               
00005080  __TI_CINIT_Limit              
20000000  __start___llvm_prf_cnts       
20000000  __stop___llvm_prf_cnts        
20000000  g_pfnRAMVectors               
20000270  __stack                       
20000470  __STACK_TOP                   
20001270  __STACK_END                   
20001270  _sys_memory                   
200022dc  _timeout_ticks                
200022e0  fallingEdge                   
200022e4  isr_int_value                 
200022e8  left_calibration_value        
200022ec  pulseLength                   
200022f0  right_calibration_value       
200022f4  risingEdge                    
200022f8  isRisingEdge                  
200022fc  motor_cal_factor_L            
20002300  motor_cal_factor_R            
2000231c  _lock                         
20002320  _unlock                       
2000232c  command_byte                  
20002330  command_flag                  
20002334  cyBOT_scan_features           
20002338  errno                         
2000233c  _running                      
ffffffff  __TI_pprof_out_hndl           
ffffffff  __TI_prof_data_size           
ffffffff  __TI_prof_data_start          
ffffffff  __binit__                     
ffffffff  __c_args__                    
ffffffff  binit                         
UNDEFED   __mpu_init                    
UNDEFED   _system_post_cinit            

[175 symbols]
